<?xml version="1.0" encoding="ISO-8859-1" ?>
<link_info>
   <banner>TI ARM Linker PC v20.2.1.LTS</banner>
   <copyright>Copyright (c) 1996-2018 Texas Instruments Incorporated</copyright>
   <link_time>0x60432947</link_time>
   <link_errors>0x0</link_errors>
   <output_file>Lab4.out</output_file>
   <entry_point>
      <name>_c_int00_noargs</name>
      <address>0x420d</address>
   </entry_point>
   <input_file_list>
      <input_file id="fl-2">
         <path>.\</path>
         <kind>object</kind>
         <file>Timer.obj</file>
         <name>Timer.obj</name>
      </input_file>
      <input_file id="fl-3">
         <path>.\</path>
         <kind>object</kind>
         <file>button.obj</file>
         <name>button.obj</name>
      </input_file>
      <input_file id="fl-4">
         <path>.\</path>
         <kind>object</kind>
         <file>lab4_template.obj</file>
         <name>lab4_template.obj</name>
      </input_file>
      <input_file id="fl-5">
         <path>.\</path>
         <kind>object</kind>
         <file>lcd.obj</file>
         <name>lcd.obj</name>
      </input_file>
      <input_file id="fl-6">
         <path>.\</path>
         <kind>object</kind>
         <file>movement.obj</file>
         <name>movement.obj</name>
      </input_file>
      <input_file id="fl-7">
         <path>.\</path>
         <kind>object</kind>
         <file>open_interface.obj</file>
         <name>open_interface.obj</name>
      </input_file>
      <input_file id="fl-8">
         <path>.\</path>
         <kind>object</kind>
         <file>resetSimulation.obj</file>
         <name>resetSimulation.obj</name>
      </input_file>
      <input_file id="fl-9">
         <path>.\</path>
         <kind>object</kind>
         <file>tm4c123gh6pm_startup_ccs.obj</file>
         <name>tm4c123gh6pm_startup_ccs.obj</name>
      </input_file>
      <input_file id="fl-10">
         <kind>object</kind>
         <file>&lt;internal&gt;</file>
         <name>&lt;internal&gt;</name>
      </input_file>
      <input_file id="fl-11">
         <path>..\</path>
         <kind>archive</kind>
         <file>libcybotFindObjects.lib</file>
         <name>cyBot_FindObjects.obj</name>
      </input_file>
      <input_file id="fl-12">
         <path>..\</path>
         <kind>archive</kind>
         <file>libcybotFindObjects.lib</file>
         <name>ir.obj</name>
      </input_file>
      <input_file id="fl-13">
         <path>..\</path>
         <kind>archive</kind>
         <file>libcybotFindObjects.lib</file>
         <name>ping.obj</name>
      </input_file>
      <input_file id="fl-14">
         <path>..\</path>
         <kind>archive</kind>
         <file>libcybotFindObjects.lib</file>
         <name>servo.obj</name>
      </input_file>
      <input_file id="fl-15">
         <path>..\</path>
         <kind>archive</kind>
         <file>libcybotUART.lib</file>
         <name>uart.obj</name>
      </input_file>
      <input_file id="fl-cb">
         <path>C:\ti\ccs1010\ccs\tools\compiler\ti-cgt-arm_20.2.1.LTS\lib\</path>
         <kind>archive</kind>
         <file>rtsv7M4_T_le_v4SPD16_eabi.lib</file>
         <name>sprintf.c.obj</name>
      </input_file>
      <input_file id="fl-cc">
         <path>C:\ti\ccs1010\ccs\tools\compiler\ti-cgt-arm_20.2.1.LTS\lib\</path>
         <kind>archive</kind>
         <file>rtsv7M4_T_le_v4SPD16_eabi.lib</file>
         <name>vsnprintf.c.obj</name>
      </input_file>
      <input_file id="fl-cd">
         <path>C:\ti\ccs1010\ccs\tools\compiler\ti-cgt-arm_20.2.1.LTS\lib\</path>
         <kind>archive</kind>
         <file>rtsv7M4_T_le_v4SPD16_eabi.lib</file>
         <name>fd_add_t2.asm.obj</name>
      </input_file>
      <input_file id="fl-ce">
         <path>C:\ti\ccs1010\ccs\tools\compiler\ti-cgt-arm_20.2.1.LTS\lib\</path>
         <kind>archive</kind>
         <file>rtsv7M4_T_le_v4SPD16_eabi.lib</file>
         <name>fd_cmp_t2.asm.obj</name>
      </input_file>
      <input_file id="fl-cf">
         <path>C:\ti\ccs1010\ccs\tools\compiler\ti-cgt-arm_20.2.1.LTS\lib\</path>
         <kind>archive</kind>
         <file>rtsv7M4_T_le_v4SPD16_eabi.lib</file>
         <name>fd_div_t2.asm.obj</name>
      </input_file>
      <input_file id="fl-d0">
         <path>C:\ti\ccs1010\ccs\tools\compiler\ti-cgt-arm_20.2.1.LTS\lib\</path>
         <kind>archive</kind>
         <file>rtsv7M4_T_le_v4SPD16_eabi.lib</file>
         <name>fd_mul_t2.asm.obj</name>
      </input_file>
      <input_file id="fl-d1">
         <path>C:\ti\ccs1010\ccs\tools\compiler\ti-cgt-arm_20.2.1.LTS\lib\</path>
         <kind>archive</kind>
         <file>rtsv7M4_T_le_v4SPD16_eabi.lib</file>
         <name>fd_tos_t2.asm.obj</name>
      </input_file>
      <input_file id="fl-d2">
         <path>C:\ti\ccs1010\ccs\tools\compiler\ti-cgt-arm_20.2.1.LTS\lib\</path>
         <kind>archive</kind>
         <file>rtsv7M4_T_le_v4SPD16_eabi.lib</file>
         <name>fs_tod_t2.asm.obj</name>
      </input_file>
      <input_file id="fl-d3">
         <path>C:\ti\ccs1010\ccs\tools\compiler\ti-cgt-arm_20.2.1.LTS\lib\</path>
         <kind>archive</kind>
         <file>rtsv7M4_T_le_v4SPD16_eabi.lib</file>
         <name>i_tofd_t2.asm.obj</name>
      </input_file>
      <input_file id="fl-d4">
         <path>C:\ti\ccs1010\ccs\tools\compiler\ti-cgt-arm_20.2.1.LTS\lib\</path>
         <kind>archive</kind>
         <file>rtsv7M4_T_le_v4SPD16_eabi.lib</file>
         <name>memcpy_t2.asm.obj</name>
      </input_file>
      <input_file id="fl-d5">
         <path>C:\ti\ccs1010\ccs\tools\compiler\ti-cgt-arm_20.2.1.LTS\lib\</path>
         <kind>archive</kind>
         <file>rtsv7M4_T_le_v4SPD16_eabi.lib</file>
         <name>copy_zero_init.c.obj</name>
      </input_file>
      <input_file id="fl-d6">
         <path>C:\ti\ccs1010\ccs\tools\compiler\ti-cgt-arm_20.2.1.LTS\lib\</path>
         <kind>archive</kind>
         <file>rtsv7M4_T_le_v4SPD16_eabi.lib</file>
         <name>copy_decompress_none.c.obj</name>
      </input_file>
      <input_file id="fl-d7">
         <path>C:\ti\ccs1010\ccs\tools\compiler\ti-cgt-arm_20.2.1.LTS\lib\</path>
         <kind>archive</kind>
         <file>rtsv7M4_T_le_v4SPD16_eabi.lib</file>
         <name>copy_decompress_lzss.c.obj</name>
      </input_file>
      <input_file id="fl-d8">
         <path>C:\ti\ccs1010\ccs\tools\compiler\ti-cgt-arm_20.2.1.LTS\lib\</path>
         <kind>archive</kind>
         <file>rtsv7M4_T_le_v4SPD16_eabi.lib</file>
         <name>memory.c.obj</name>
      </input_file>
      <input_file id="fl-d9">
         <path>C:\ti\ccs1010\ccs\tools\compiler\ti-cgt-arm_20.2.1.LTS\lib\</path>
         <kind>archive</kind>
         <file>rtsv7M4_T_le_v4SPD16_eabi.lib</file>
         <name>strcmp.c.obj</name>
      </input_file>
      <input_file id="fl-da">
         <path>C:\ti\ccs1010\ccs\tools\compiler\ti-cgt-arm_20.2.1.LTS\lib\</path>
         <kind>archive</kind>
         <file>rtsv7M4_T_le_v4SPD16_eabi.lib</file>
         <name>strcpy.c.obj</name>
      </input_file>
      <input_file id="fl-db">
         <path>C:\ti\ccs1010\ccs\tools\compiler\ti-cgt-arm_20.2.1.LTS\lib\</path>
         <kind>archive</kind>
         <file>rtsv7M4_T_le_v4SPD16_eabi.lib</file>
         <name>strlen.c.obj</name>
      </input_file>
      <input_file id="fl-dc">
         <path>C:\ti\ccs1010\ccs\tools\compiler\ti-cgt-arm_20.2.1.LTS\lib\</path>
         <kind>archive</kind>
         <file>rtsv7M4_T_le_v4SPD16_eabi.lib</file>
         <name>boot_cortex_m.c.obj</name>
      </input_file>
      <input_file id="fl-dd">
         <path>C:\ti\ccs1010\ccs\tools\compiler\ti-cgt-arm_20.2.1.LTS\lib\</path>
         <kind>archive</kind>
         <file>rtsv7M4_T_le_v4SPD16_eabi.lib</file>
         <name>_printfi.c.obj</name>
      </input_file>
      <input_file id="fl-de">
         <path>C:\ti\ccs1010\ccs\tools\compiler\ti-cgt-arm_20.2.1.LTS\lib\</path>
         <kind>archive</kind>
         <file>rtsv7M4_T_le_v4SPD16_eabi.lib</file>
         <name>memset_t2.asm.obj</name>
      </input_file>
      <input_file id="fl-df">
         <path>C:\ti\ccs1010\ccs\tools\compiler\ti-cgt-arm_20.2.1.LTS\lib\</path>
         <kind>archive</kind>
         <file>rtsv7M4_T_le_v4SPD16_eabi.lib</file>
         <name>fd_toi_t2.asm.obj</name>
      </input_file>
      <input_file id="fl-e0">
         <path>C:\ti\ccs1010\ccs\tools\compiler\ti-cgt-arm_20.2.1.LTS\lib\</path>
         <kind>archive</kind>
         <file>rtsv7M4_T_le_v4SPD16_eabi.lib</file>
         <name>ull_div_t2.asm.obj</name>
      </input_file>
      <input_file id="fl-e1">
         <path>C:\ti\ccs1010\ccs\tools\compiler\ti-cgt-arm_20.2.1.LTS\lib\</path>
         <kind>archive</kind>
         <file>rtsv7M4_T_le_v4SPD16_eabi.lib</file>
         <name>autoinit.c.obj</name>
      </input_file>
      <input_file id="fl-e2">
         <path>C:\ti\ccs1010\ccs\tools\compiler\ti-cgt-arm_20.2.1.LTS\lib\</path>
         <kind>archive</kind>
         <file>rtsv7M4_T_le_v4SPD16_eabi.lib</file>
         <name>pre_init.c.obj</name>
      </input_file>
      <input_file id="fl-e3">
         <path>C:\ti\ccs1010\ccs\tools\compiler\ti-cgt-arm_20.2.1.LTS\lib\</path>
         <kind>archive</kind>
         <file>rtsv7M4_T_le_v4SPD16_eabi.lib</file>
         <name>cpy_tbl.c.obj</name>
      </input_file>
      <input_file id="fl-e4">
         <path>C:\ti\ccs1010\ccs\tools\compiler\ti-cgt-arm_20.2.1.LTS\lib\</path>
         <kind>archive</kind>
         <file>rtsv7M4_T_le_v4SPD16_eabi.lib</file>
         <name>exit.c.obj</name>
      </input_file>
      <input_file id="fl-e5">
         <path>C:\ti\ccs1010\ccs\tools\compiler\ti-cgt-arm_20.2.1.LTS\lib\</path>
         <kind>archive</kind>
         <file>rtsv7M4_T_le_v4SPD16_eabi.lib</file>
         <name>_lock.c.obj</name>
      </input_file>
      <input_file id="fl-e6">
         <path>C:\ti\ccs1010\ccs\tools\compiler\ti-cgt-arm_20.2.1.LTS\lib\</path>
         <kind>archive</kind>
         <file>rtsv7M4_T_le_v4SPD16_eabi.lib</file>
         <name>_ltoa.c.obj</name>
      </input_file>
      <input_file id="fl-e7">
         <path>C:\ti\ccs1010\ccs\tools\compiler\ti-cgt-arm_20.2.1.LTS\lib\</path>
         <kind>archive</kind>
         <file>rtsv7M4_T_le_v4SPD16_eabi.lib</file>
         <name>args_main.c.obj</name>
      </input_file>
      <input_file id="fl-e8">
         <path>C:\ti\ccs1010\ccs\tools\compiler\ti-cgt-arm_20.2.1.LTS\lib\</path>
         <kind>archive</kind>
         <file>rtsv7M4_T_le_v4SPD16_eabi.lib</file>
         <name>atoi.c.obj</name>
      </input_file>
      <input_file id="fl-e9">
         <path>C:\ti\ccs1010\ccs\tools\compiler\ti-cgt-arm_20.2.1.LTS\lib\</path>
         <kind>archive</kind>
         <file>rtsv7M4_T_le_v4SPD16_eabi.lib</file>
         <name>ctype.c.obj</name>
      </input_file>
      <input_file id="fl-ea">
         <path>C:\ti\ccs1010\ccs\tools\compiler\ti-cgt-arm_20.2.1.LTS\lib\</path>
         <kind>archive</kind>
         <file>rtsv7M4_T_le_v4SPD16_eabi.lib</file>
         <name>memccpy.c.obj</name>
      </input_file>
      <input_file id="fl-eb">
         <path>C:\ti\ccs1010\ccs\tools\compiler\ti-cgt-arm_20.2.1.LTS\lib\</path>
         <kind>archive</kind>
         <file>rtsv7M4_T_le_v4SPD16_eabi.lib</file>
         <name>strchr.c.obj</name>
      </input_file>
      <input_file id="fl-ec">
         <path>C:\ti\ccs1010\ccs\tools\compiler\ti-cgt-arm_20.2.1.LTS\lib\</path>
         <kind>archive</kind>
         <file>rtsv7M4_T_le_v4SPD16_eabi.lib</file>
         <name>errno.c.obj</name>
      </input_file>
      <input_file id="fl-ed">
         <path>C:\ti\ccs1010\ccs\tools\compiler\ti-cgt-arm_20.2.1.LTS\lib\</path>
         <kind>archive</kind>
         <file>rtsv7M4_T_le_v4SPD16_eabi.lib</file>
         <name>s_frexp.c.obj</name>
      </input_file>
      <input_file id="fl-ee">
         <path>C:\ti\ccs1010\ccs\tools\compiler\ti-cgt-arm_20.2.1.LTS\lib\</path>
         <kind>archive</kind>
         <file>rtsv7M4_T_le_v4SPD16_eabi.lib</file>
         <name>s_scalbn.c.obj</name>
      </input_file>
      <input_file id="fl-ef">
         <path>C:\ti\ccs1010\ccs\tools\compiler\ti-cgt-arm_20.2.1.LTS\lib\</path>
         <kind>archive</kind>
         <file>rtsv7M4_T_le_v4SPD16_eabi.lib</file>
         <name>wcslen.c.obj</name>
      </input_file>
      <input_file id="fl-f0">
         <path>C:\ti\ccs1010\ccs\tools\compiler\ti-cgt-arm_20.2.1.LTS\lib\</path>
         <kind>archive</kind>
         <file>rtsv7M4_T_le_v4SPD16_eabi.lib</file>
         <name>div0.asm.obj</name>
      </input_file>
      <input_file id="fl-f1">
         <path>C:\ti\ccs1010\ccs\tools\compiler\ti-cgt-arm_20.2.1.LTS\lib\</path>
         <kind>archive</kind>
         <file>rtsv7M4_T_le_v4SPD16_eabi.lib</file>
         <name>s_copysign.c.obj</name>
      </input_file>
      <input_file id="fl-f2">
         <path>C:\ti\TivaWare_C_Series-2.1.4.178\driverlib\ccs\Debug\</path>
         <kind>archive</kind>
         <file>driverlib.lib</file>
         <name>interrupt.obj</name>
      </input_file>
      <input_file id="fl-f3">
         <path>C:\ti\TivaWare_C_Series-2.1.4.178\driverlib\ccs\Debug\</path>
         <kind>archive</kind>
         <file>driverlib.lib</file>
         <name>cpu.obj</name>
      </input_file>
   </input_file_list>
   <object_component_list>
      <object_component id="oc-12">
         <name>.intvecs</name>
         <load_address>0x0</load_address>
         <run_address>0x0</run_address>
         <size>0x26c</size>
         <input_file_ref idref="fl-9"/>
      </object_component>
      <object_component id="oc-e9">
         <name>.text</name>
         <load_address>0x26c</load_address>
         <run_address>0x26c</run_address>
         <size>0xc20</size>
         <input_file_ref idref="fl-7"/>
      </object_component>
      <object_component id="oc-1fe">
         <name>.text:__TI_printfi</name>
         <load_address>0xe8c</load_address>
         <run_address>0xe8c</run_address>
         <size>0xa4e</size>
         <input_file_ref idref="fl-dd"/>
      </object_component>
      <object_component id="oc-2a5">
         <name>.text:_nop</name>
         <load_address>0x18da</load_address>
         <run_address>0x18da</run_address>
         <size>0x2</size>
         <input_file_ref idref="fl-e5"/>
      </object_component>
      <object_component id="oc-a2">
         <name>.text</name>
         <load_address>0x18dc</load_address>
         <run_address>0x18dc</run_address>
         <size>0x4b0</size>
         <input_file_ref idref="fl-4"/>
      </object_component>
      <object_component id="oc-dd">
         <name>.text</name>
         <load_address>0x1d8c</load_address>
         <run_address>0x1d8c</run_address>
         <size>0x328</size>
         <input_file_ref idref="fl-5"/>
      </object_component>
      <object_component id="oc-2cf">
         <name>.text:_pconv_a</name>
         <load_address>0x20b4</load_address>
         <run_address>0x20b4</run_address>
         <size>0x270</size>
         <input_file_ref idref="fl-dd"/>
      </object_component>
      <object_component id="oc-d7">
         <name>.text</name>
         <load_address>0x2324</load_address>
         <run_address>0x2324</run_address>
         <size>0x248</size>
         <input_file_ref idref="fl-2"/>
      </object_component>
      <object_component id="oc-fa">
         <name>.text</name>
         <load_address>0x256c</load_address>
         <run_address>0x256c</run_address>
         <size>0x1f0</size>
         <input_file_ref idref="fl-6"/>
      </object_component>
      <object_component id="oc-1c9">
         <name>.text</name>
         <load_address>0x275c</load_address>
         <run_address>0x275c</run_address>
         <size>0x1ec</size>
         <input_file_ref idref="fl-13"/>
      </object_component>
      <object_component id="oc-2bd">
         <name>.text:_pconv_g</name>
         <load_address>0x2948</load_address>
         <run_address>0x2948</run_address>
         <size>0x1d0</size>
         <input_file_ref idref="fl-dd"/>
      </object_component>
      <object_component id="oc-10a">
         <name>.text</name>
         <load_address>0x2b18</load_address>
         <run_address>0x2b18</run_address>
         <size>0x1b6</size>
         <input_file_ref idref="fl-cd"/>
      </object_component>
      <object_component id="oc-3a6">
         <name>.text</name>
         <load_address>0x2cce</load_address>
         <run_address>0x2cce</run_address>
         <size>0x2</size>
         <input_file_ref idref="fl-f0"/>
      </object_component>
      <object_component id="oc-e3">
         <name>.text</name>
         <load_address>0x2cd0</load_address>
         <run_address>0x2cd0</run_address>
         <size>0x15c</size>
         <input_file_ref idref="fl-15"/>
      </object_component>
      <object_component id="oc-ef">
         <name>.text</name>
         <load_address>0x2e2c</load_address>
         <run_address>0x2e2c</run_address>
         <size>0x158</size>
         <input_file_ref idref="fl-11"/>
      </object_component>
      <object_component id="oc-2c9">
         <name>.text:_pconv_e</name>
         <load_address>0x2f84</load_address>
         <run_address>0x2f84</run_address>
         <size>0x13c</size>
         <input_file_ref idref="fl-dd"/>
      </object_component>
      <object_component id="oc-1ae">
         <name>.text</name>
         <load_address>0x30c0</load_address>
         <run_address>0x30c0</run_address>
         <size>0x136</size>
         <input_file_ref idref="fl-cf"/>
      </object_component>
      <object_component id="oc-353">
         <name>.text:fcvt</name>
         <load_address>0x31f8</load_address>
         <run_address>0x31f8</run_address>
         <size>0x124</size>
         <input_file_ref idref="fl-dd"/>
      </object_component>
      <object_component id="oc-1c3">
         <name>.text</name>
         <load_address>0x331c</load_address>
         <run_address>0x331c</run_address>
         <size>0x124</size>
         <input_file_ref idref="fl-14"/>
      </object_component>
      <object_component id="oc-1cf">
         <name>.text</name>
         <load_address>0x3440</load_address>
         <run_address>0x3440</run_address>
         <size>0x118</size>
         <input_file_ref idref="fl-12"/>
      </object_component>
      <object_component id="oc-367">
         <name>.text:scalbn</name>
         <load_address>0x3558</load_address>
         <run_address>0x3558</run_address>
         <size>0x110</size>
         <input_file_ref idref="fl-ee"/>
      </object_component>
      <object_component id="oc-31f">
         <name>.text:aligned_alloc</name>
         <load_address>0x3668</load_address>
         <run_address>0x3668</run_address>
         <size>0x108</size>
         <input_file_ref idref="fl-d8"/>
      </object_component>
      <object_component id="oc-105">
         <name>.text</name>
         <load_address>0x3770</load_address>
         <run_address>0x3770</run_address>
         <size>0xfc</size>
         <input_file_ref idref="fl-d0"/>
      </object_component>
      <object_component id="oc-10f">
         <name>.text:free</name>
         <load_address>0x386c</load_address>
         <run_address>0x386c</run_address>
         <size>0xe4</size>
         <input_file_ref idref="fl-d8"/>
      </object_component>
      <object_component id="oc-2b7">
         <name>.text:_ltostr</name>
         <load_address>0x3950</load_address>
         <run_address>0x3950</run_address>
         <size>0xb1</size>
         <input_file_ref idref="fl-dd"/>
      </object_component>
      <object_component id="oc-3e">
         <name>.text</name>
         <load_address>0x3a02</load_address>
         <run_address>0x3a02</run_address>
         <size>0x9c</size>
         <input_file_ref idref="fl-d4"/>
      </object_component>
      <object_component id="oc-335">
         <name>.text</name>
         <load_address>0x3a9e</load_address>
         <run_address>0x3a9e</run_address>
         <size>0x96</size>
         <input_file_ref idref="fl-e0"/>
      </object_component>
      <object_component id="oc-1dd">
         <name>.text:__aeabi_cdcmple</name>
         <load_address>0x3b34</load_address>
         <run_address>0x3b34</run_address>
         <size>0x86</size>
         <input_file_ref idref="fl-ce"/>
      </object_component>
      <object_component id="oc-1e2">
         <name>.text:__aeabi_cdrcmple</name>
         <load_address>0x3bba</load_address>
         <run_address>0x3bba</run_address>
         <size>0x86</size>
         <input_file_ref idref="fl-ce"/>
      </object_component>
      <object_component id="oc-96">
         <name>.text</name>
         <load_address>0x3c40</load_address>
         <run_address>0x3c40</run_address>
         <size>0x7a</size>
         <input_file_ref idref="fl-de"/>
      </object_component>
      <object_component id="oc-39a">
         <name>.text:split</name>
         <load_address>0x3cbc</load_address>
         <run_address>0x3cbc</run_address>
         <size>0x70</size>
         <input_file_ref idref="fl-d8"/>
      </object_component>
      <object_component id="oc-34c">
         <name>.text:_mcpy</name>
         <load_address>0x3d2c</load_address>
         <run_address>0x3d2c</run_address>
         <size>0x6e</size>
         <input_file_ref idref="fl-dd"/>
      </object_component>
      <object_component id="oc-1b6">
         <name>.text</name>
         <load_address>0x3d9a</load_address>
         <run_address>0x3d9a</run_address>
         <size>0x6e</size>
         <input_file_ref idref="fl-d1"/>
      </object_component>
      <object_component id="oc-15">
         <name>.text:decompress:lzss:__TI_decompress_lzss</name>
         <load_address>0x3e08</load_address>
         <run_address>0x3e08</run_address>
         <size>0x68</size>
         <input_file_ref idref="fl-d7"/>
      </object_component>
      <object_component id="oc-361">
         <name>.text:frexp</name>
         <load_address>0x3e70</load_address>
         <run_address>0x3e70</run_address>
         <size>0x64</size>
         <input_file_ref idref="fl-ed"/>
      </object_component>
      <object_component id="oc-2c3">
         <name>.text:_pconv_f</name>
         <load_address>0x3ed4</load_address>
         <run_address>0x3ed4</run_address>
         <size>0x56</size>
         <input_file_ref idref="fl-dd"/>
      </object_component>
      <object_component id="oc-340">
         <name>.text:__TI_ltoa</name>
         <load_address>0x3f2a</load_address>
         <run_address>0x3f2a</run_address>
         <size>0x54</size>
         <input_file_ref idref="fl-e6"/>
      </object_component>
      <object_component id="oc-346">
         <name>.text:_ecpy</name>
         <load_address>0x3f7e</load_address>
         <run_address>0x3f7e</run_address>
         <size>0x52</size>
         <input_file_ref idref="fl-dd"/>
      </object_component>
      <object_component id="oc-2b1">
         <name>.text:atoi</name>
         <load_address>0x3fd0</load_address>
         <run_address>0x3fd0</run_address>
         <size>0x4c</size>
         <input_file_ref idref="fl-e8"/>
      </object_component>
      <object_component id="oc-33b">
         <name>.text</name>
         <load_address>0x401c</load_address>
         <run_address>0x401c</run_address>
         <size>0x48</size>
         <input_file_ref idref="fl-df"/>
      </object_component>
      <object_component id="oc-12f">
         <name>.text:__TI_auto_init_nobinit_nopinit:__TI_auto_init_nobinit_nopinit</name>
         <load_address>0x4064</load_address>
         <run_address>0x4064</run_address>
         <size>0x44</size>
         <input_file_ref idref="fl-e1"/>
      </object_component>
      <object_component id="oc-11b">
         <name>.text:sprintf</name>
         <load_address>0x40a8</load_address>
         <run_address>0x40a8</run_address>
         <size>0x40</size>
         <input_file_ref idref="fl-cb"/>
      </object_component>
      <object_component id="oc-175">
         <name>.text:vsnprintf</name>
         <load_address>0x40e8</load_address>
         <run_address>0x40e8</run_address>
         <size>0x40</size>
         <input_file_ref idref="fl-cc"/>
      </object_component>
      <object_component id="oc-359">
         <name>.text:_fcpy</name>
         <load_address>0x4128</load_address>
         <run_address>0x4128</run_address>
         <size>0x3e</size>
         <input_file_ref idref="fl-dd"/>
      </object_component>
      <object_component id="oc-198">
         <name>.text:calloc</name>
         <load_address>0x4168</load_address>
         <run_address>0x4168</run_address>
         <size>0x38</size>
         <input_file_ref idref="fl-d8"/>
      </object_component>
      <object_component id="oc-100">
         <name>.text</name>
         <load_address>0x41a0</load_address>
         <run_address>0x41a0</run_address>
         <size>0x38</size>
         <input_file_ref idref="fl-d2"/>
      </object_component>
      <object_component id="oc-163">
         <name>.text:IntRegister</name>
         <load_address>0x41d8</load_address>
         <run_address>0x41d8</run_address>
         <size>0x34</size>
         <input_file_ref idref="fl-f2"/>
      </object_component>
      <object_component id="oc-5c">
         <name>.text:_c_int00_noargs:_c_int00_noargs</name>
         <load_address>0x420c</load_address>
         <run_address>0x420c</run_address>
         <size>0x34</size>
         <input_file_ref idref="fl-dc"/>
      </object_component>
      <object_component id="oc-24c">
         <name>.text:_outs</name>
         <load_address>0x4240</load_address>
         <run_address>0x4240</run_address>
         <size>0x30</size>
         <input_file_ref idref="fl-cc"/>
      </object_component>
      <object_component id="oc-f5">
         <name>.text</name>
         <load_address>0x4270</load_address>
         <run_address>0x4270</run_address>
         <size>0x2e</size>
         <input_file_ref idref="fl-d3"/>
      </object_component>
      <object_component id="oc-1f2">
         <name>.text:free_list_insert</name>
         <load_address>0x42a0</load_address>
         <run_address>0x42a0</run_address>
         <size>0x28</size>
         <input_file_ref idref="fl-d8"/>
      </object_component>
      <object_component id="oc-4a">
         <name>.text:decompress:ZI:__TI_zero_init_nomemset:__TI_zero_init_nomemset</name>
         <load_address>0x42c8</load_address>
         <run_address>0x42c8</run_address>
         <size>0x1c</size>
         <input_file_ref idref="fl-d5"/>
      </object_component>
      <object_component id="oc-1ec">
         <name>.text:free_list_remove</name>
         <load_address>0x42e4</load_address>
         <run_address>0x42e4</run_address>
         <size>0x1c</size>
         <input_file_ref idref="fl-d8"/>
      </object_component>
      <object_component id="oc-2d5">
         <name>.text:memccpy</name>
         <load_address>0x4300</load_address>
         <run_address>0x4300</run_address>
         <size>0x1c</size>
         <input_file_ref idref="fl-ea"/>
      </object_component>
      <object_component id="oc-3ba">
         <name>.text:copysign</name>
         <load_address>0x431c</load_address>
         <run_address>0x431c</run_address>
         <size>0x1a</size>
         <input_file_ref idref="fl-f1"/>
      </object_component>
      <object_component id="oc-252">
         <name>.text:_outc</name>
         <load_address>0x4336</load_address>
         <run_address>0x4336</run_address>
         <size>0x18</size>
         <input_file_ref idref="fl-cc"/>
      </object_component>
      <object_component id="oc-204">
         <name>.text:_outs</name>
         <load_address>0x434e</load_address>
         <run_address>0x434e</run_address>
         <size>0x18</size>
         <input_file_ref idref="fl-cb"/>
      </object_component>
      <object_component id="oc-19e">
         <name>.text:oi_parseInt</name>
         <load_address>0x4366</load_address>
         <run_address>0x4366</run_address>
         <size>0x18</size>
         <input_file_ref idref="fl-7"/>
      </object_component>
      <object_component id="oc-17b">
         <name>.text:strcmp</name>
         <load_address>0x437e</load_address>
         <run_address>0x437e</run_address>
         <size>0x18</size>
         <input_file_ref idref="fl-d9"/>
      </object_component>
      <object_component id="oc-36d">
         <name>.text:strchr</name>
         <load_address>0x4396</load_address>
         <run_address>0x4396</run_address>
         <size>0x16</size>
         <input_file_ref idref="fl-eb"/>
      </object_component>
      <object_component id="oc-181">
         <name>.text:strcpy</name>
         <load_address>0x43ac</load_address>
         <run_address>0x43ac</run_address>
         <size>0x14</size>
         <input_file_ref idref="fl-da"/>
      </object_component>
      <object_component id="oc-115">
         <name>.text:strlen</name>
         <load_address>0x43c0</load_address>
         <run_address>0x43c0</run_address>
         <size>0x14</size>
         <input_file_ref idref="fl-db"/>
      </object_component>
      <object_component id="oc-2db">
         <name>.text:wcslen</name>
         <load_address>0x43d4</load_address>
         <run_address>0x43d4</run_address>
         <size>0x12</size>
         <input_file_ref idref="fl-ef"/>
      </object_component>
      <object_component id="oc-1a5">
         <name>.text:IntMasterEnable</name>
         <load_address>0x43e6</load_address>
         <run_address>0x43e6</run_address>
         <size>0x10</size>
         <input_file_ref idref="fl-f2"/>
      </object_component>
      <object_component id="oc-16e">
         <name>.text:lcd_clear</name>
         <load_address>0x43f6</load_address>
         <run_address>0x43f6</run_address>
         <size>0x10</size>
         <input_file_ref idref="fl-5"/>
      </object_component>
      <object_component id="oc-1b">
         <name>.text:decompress:none:__TI_decompress_none</name>
         <load_address>0x4406</load_address>
         <run_address>0x4406</run_address>
         <size>0xe</size>
         <input_file_ref idref="fl-d6"/>
      </object_component>
      <object_component id="oc-27f">
         <name>.text:CPUcpsie</name>
         <load_address>0x4414</load_address>
         <run_address>0x4414</run_address>
         <size>0xc</size>
         <input_file_ref idref="fl-f3"/>
      </object_component>
      <object_component id="oc-2a">
         <name>.text</name>
         <load_address>0x4420</load_address>
         <run_address>0x4420</run_address>
         <size>0xc</size>
         <input_file_ref idref="fl-9"/>
      </object_component>
      <object_component id="oc-20a">
         <name>.text:_outc</name>
         <load_address>0x442c</load_address>
         <run_address>0x442c</run_address>
         <size>0xa</size>
         <input_file_ref idref="fl-cb"/>
      </object_component>
      <object_component id="oc-2e1">
         <name>.text:__aeabi_errno_addr</name>
         <load_address>0x4438</load_address>
         <run_address>0x4438</run_address>
         <size>0x8</size>
         <input_file_ref idref="fl-ec"/>
      </object_component>
      <object_component id="oc-278">
         <name>.text:malloc</name>
         <load_address>0x4440</load_address>
         <run_address>0x4440</run_address>
         <size>0x8</size>
         <input_file_ref idref="fl-d8"/>
      </object_component>
      <object_component id="oc-9c">
         <name>.text:_system_pre_init</name>
         <load_address>0x4448</load_address>
         <run_address>0x4448</run_address>
         <size>0x4</size>
         <input_file_ref idref="fl-e2"/>
      </object_component>
      <object_component id="oc-123">
         <name>.text:abort:abort</name>
         <load_address>0x444c</load_address>
         <run_address>0x444c</run_address>
         <size>0x4</size>
         <input_file_ref idref="fl-e4"/>
      </object_component>
      <object_component id="oc-330">
         <name>.const:.string:_ctypes_</name>
         <load_address>0x4450</load_address>
         <run_address>0x4450</run_address>
         <size>0x101</size>
         <input_file_ref idref="fl-e9"/>
      </object_component>
      <object_component id="oc-1b3">
         <name>.const:.string:$P$T0$3</name>
         <load_address>0x4551</load_address>
         <run_address>0x4551</run_address>
         <size>0xf</size>
         <input_file_ref idref="fl-7"/>
      </object_component>
      <object_component id="oc-187">
         <name>.const:.string:lineAddress$1</name>
         <load_address>0x4560</load_address>
         <run_address>0x4560</run_address>
         <size>0x4</size>
         <input_file_ref idref="fl-5"/>
      </object_component>
      <object_component id="oc-188">
         <name>.const:.string:lineAddresses$2</name>
         <load_address>0x4564</load_address>
         <run_address>0x4564</run_address>
         <size>0x4</size>
         <input_file_ref idref="fl-5"/>
      </object_component>
      <object_component id="oc-414">
         <name>.cinit..data.load</name>
         <load_address>0x4568</load_address>
         <run_address>0x4568</run_address>
         <size>0x18</size>
      </object_component>
      <object_component id="oc-411">
         <name>__TI_handler_table</name>
         <load_address>0x4580</load_address>
         <run_address>0x4580</run_address>
         <size>0xc</size>
      </object_component>
      <object_component id="oc-415">
         <name>.cinit..bss.load</name>
         <load_address>0x4590</load_address>
         <run_address>0x4590</run_address>
         <size>0x8</size>
      </object_component>
      <object_component id="oc-413">
         <name>.cinit..vtable.load</name>
         <load_address>0x4598</load_address>
         <run_address>0x4598</run_address>
         <size>0x8</size>
      </object_component>
      <object_component id="oc-412">
         <name>__TI_cinit_table</name>
         <load_address>0x45a0</load_address>
         <run_address>0x45a0</run_address>
         <size>0x18</size>
      </object_component>
      <object_component id="oc-240">
         <name>.vtable</name>
         <uninitialized>true</uninitialized>
         <run_address>0x20000000</run_address>
         <size>0x26c</size>
         <input_file_ref idref="fl-f2"/>
      </object_component>
      <object_component id="oc-169">
         <name>.data</name>
         <load_address>0x20002360</load_address>
         <run_address>0x20002360</run_address>
         <size>0x1</size>
         <input_file_ref idref="fl-2"/>
      </object_component>
      <object_component id="oc-1ab">
         <name>.data</name>
         <load_address>0x20002328</load_address>
         <run_address>0x20002328</run_address>
         <size>0x20</size>
         <input_file_ref idref="fl-7"/>
      </object_component>
      <object_component id="oc-194">
         <name>.data</name>
         <load_address>0x20002358</load_address>
         <run_address>0x20002358</run_address>
         <size>0x4</size>
         <input_file_ref idref="fl-15"/>
      </object_component>
      <object_component id="oc-2a0">
         <name>.data:$O1$$</name>
         <load_address>0x20002350</load_address>
         <run_address>0x20002350</run_address>
         <size>0x8</size>
         <input_file_ref idref="fl-d8"/>
      </object_component>
      <object_component id="oc-1f8">
         <name>.data:$O1$$</name>
         <load_address>0x20002348</load_address>
         <run_address>0x20002348</run_address>
         <size>0x8</size>
         <input_file_ref idref="fl-e5"/>
      </object_component>
      <object_component id="oc-37d">
         <name>.data</name>
         <load_address>0x2000235c</load_address>
         <run_address>0x2000235c</run_address>
         <size>0x4</size>
         <input_file_ref idref="fl-ec"/>
      </object_component>
      <object_component id="oc-189">
         <name>.bss:lastbuffer$3</name>
         <uninitialized>true</uninitialized>
         <run_address>0x20002270</run_address>
         <size>0x54</size>
         <input_file_ref idref="fl-5"/>
      </object_component>
      <object_component id="oc-1bb">
         <name>.bss:firmware$2</name>
         <uninitialized>true</uninitialized>
         <run_address>0x200022f8</run_address>
         <size>0x18</size>
         <input_file_ref idref="fl-7"/>
      </object_component>
      <object_component id="oc-16c">
         <name>.common:_timeout_ticks</name>
         <uninitialized>true</uninitialized>
         <run_address>0x20002310</run_address>
         <size>0x4</size>
      </object_component>
      <object_component id="oc-296">
         <name>.common:isr_int_value</name>
         <uninitialized>true</uninitialized>
         <run_address>0x20002318</run_address>
         <size>0x4</size>
      </object_component>
      <object_component id="oc-292">
         <name>.common:risingEdge</name>
         <uninitialized>true</uninitialized>
         <run_address>0x20002320</run_address>
         <size>0x4</size>
      </object_component>
      <object_component id="oc-293">
         <name>.common:fallingEdge</name>
         <uninitialized>true</uninitialized>
         <run_address>0x20002314</run_address>
         <size>0x4</size>
      </object_component>
      <object_component id="oc-294">
         <name>.common:pulseLength</name>
         <uninitialized>true</uninitialized>
         <run_address>0x2000231c</run_address>
         <size>0x4</size>
      </object_component>
      <object_component id="oc-28f">
         <name>.common:isRisingEdge</name>
         <uninitialized>true</uninitialized>
         <run_address>0x20002324</run_address>
         <size>0x1</size>
      </object_component>
      <object_component id="oc-191">
         <name>.common:isr_char_buffer</name>
         <uninitialized>true</uninitialized>
         <run_address>0x200022c4</run_address>
         <size>0x34</size>
      </object_component>
      <object_component id="oc-24">
         <name>.sysmem</name>
         <uninitialized>true</uninitialized>
         <run_address>0x20001270</run_address>
         <size>0x10</size>
         <input_file_ref idref="fl-d8"/>
      </object_component>
      <object_component id="oc-418">
         <name>.sysmem</name>
         <uninitialized>true</uninitialized>
         <run_address>0x20001270</run_address>
         <size>0x0</size>
      </object_component>
      <object_component id="oc-27">
         <name>.stack</name>
         <uninitialized>true</uninitialized>
         <run_address>0x20000270</run_address>
         <size>0x4</size>
         <input_file_ref idref="fl-dc"/>
      </object_component>
      <object_component id="oc-417">
         <name>.stack</name>
         <uninitialized>true</uninitialized>
         <run_address>0x20000270</run_address>
         <size>0x0</size>
      </object_component>
      <object_component id="oc-c5">
         <name>.debug_info</name>
         <load_address>0x0</load_address>
         <run_address>0x0</run_address>
         <size>0x2aa</size>
         <input_file_ref idref="fl-2"/>
      </object_component>
      <object_component id="oc-16a">
         <name>.debug_info</name>
         <load_address>0x2aa</load_address>
         <run_address>0x2aa</run_address>
         <size>0xb8</size>
         <input_file_ref idref="fl-2"/>
      </object_component>
      <object_component id="oc-d8">
         <name>.debug_info</name>
         <load_address>0x362</load_address>
         <run_address>0x362</run_address>
         <size>0x500</size>
         <input_file_ref idref="fl-2"/>
      </object_component>
      <object_component id="oc-77">
         <name>.debug_info</name>
         <load_address>0x862</load_address>
         <run_address>0x862</run_address>
         <size>0x26b</size>
         <input_file_ref idref="fl-2"/>
      </object_component>
      <object_component id="oc-39">
         <name>.debug_info</name>
         <load_address>0xacd</load_address>
         <run_address>0xacd</run_address>
         <size>0x84</size>
         <input_file_ref idref="fl-2"/>
      </object_component>
      <object_component id="oc-c0">
         <name>.debug_info</name>
         <load_address>0xb51</load_address>
         <run_address>0xb51</run_address>
         <size>0x2a4</size>
         <input_file_ref idref="fl-2"/>
      </object_component>
      <object_component id="oc-7c">
         <name>.debug_info</name>
         <load_address>0xdf5</load_address>
         <run_address>0xdf5</run_address>
         <size>0xbb</size>
         <input_file_ref idref="fl-2"/>
      </object_component>
      <object_component id="oc-122">
         <name>.debug_info</name>
         <load_address>0xeb0</load_address>
         <run_address>0xeb0</run_address>
         <size>0x56e</size>
         <input_file_ref idref="fl-4"/>
      </object_component>
      <object_component id="oc-a3">
         <name>.debug_info</name>
         <load_address>0x141e</load_address>
         <run_address>0x141e</run_address>
         <size>0x893</size>
         <input_file_ref idref="fl-4"/>
      </object_component>
      <object_component id="oc-214">
         <name>.debug_info</name>
         <load_address>0x1cb1</load_address>
         <run_address>0x1cb1</run_address>
         <size>0x72</size>
         <input_file_ref idref="fl-4"/>
      </object_component>
      <object_component id="oc-219">
         <name>.debug_info</name>
         <load_address>0x1d23</load_address>
         <run_address>0x1d23</run_address>
         <size>0x5aa</size>
         <input_file_ref idref="fl-4"/>
      </object_component>
      <object_component id="oc-21e">
         <name>.debug_info</name>
         <load_address>0x22cd</load_address>
         <run_address>0x22cd</run_address>
         <size>0xcc</size>
         <input_file_ref idref="fl-4"/>
      </object_component>
      <object_component id="oc-18c">
         <name>.debug_info</name>
         <load_address>0x2399</load_address>
         <run_address>0x2399</run_address>
         <size>0x2c</size>
         <input_file_ref idref="fl-4"/>
      </object_component>
      <object_component id="oc-18b">
         <name>.debug_info</name>
         <load_address>0x23c5</load_address>
         <run_address>0x23c5</run_address>
         <size>0x372</size>
         <input_file_ref idref="fl-5"/>
      </object_component>
      <object_component id="oc-170">
         <name>.debug_info</name>
         <load_address>0x2737</load_address>
         <run_address>0x2737</run_address>
         <size>0x10d</size>
         <input_file_ref idref="fl-5"/>
      </object_component>
      <object_component id="oc-e1">
         <name>.debug_info</name>
         <load_address>0x2844</load_address>
         <run_address>0x2844</run_address>
         <size>0x899</size>
         <input_file_ref idref="fl-5"/>
      </object_component>
      <object_component id="oc-1e8">
         <name>.debug_info</name>
         <load_address>0x30dd</load_address>
         <run_address>0x30dd</run_address>
         <size>0x2d3</size>
         <input_file_ref idref="fl-6"/>
      </object_component>
      <object_component id="oc-fb">
         <name>.debug_info</name>
         <load_address>0x33b0</load_address>
         <run_address>0x33b0</run_address>
         <size>0x612</size>
         <input_file_ref idref="fl-6"/>
      </object_component>
      <object_component id="oc-1bd">
         <name>.debug_info</name>
         <load_address>0x39c2</load_address>
         <run_address>0x39c2</run_address>
         <size>0x3ef</size>
         <input_file_ref idref="fl-7"/>
      </object_component>
      <object_component id="oc-1ac">
         <name>.debug_info</name>
         <load_address>0x3db1</load_address>
         <run_address>0x3db1</run_address>
         <size>0x10a</size>
         <input_file_ref idref="fl-7"/>
      </object_component>
      <object_component id="oc-1b4">
         <name>.debug_info</name>
         <load_address>0x3ebb</load_address>
         <run_address>0x3ebb</run_address>
         <size>0xbf</size>
         <input_file_ref idref="fl-7"/>
      </object_component>
      <object_component id="oc-1a0">
         <name>.debug_info</name>
         <load_address>0x3f7a</load_address>
         <run_address>0x3f7a</run_address>
         <size>0x137</size>
         <input_file_ref idref="fl-7"/>
      </object_component>
      <object_component id="oc-eb">
         <name>.debug_info</name>
         <load_address>0x40b1</load_address>
         <run_address>0x40b1</run_address>
         <size>0x1981</size>
         <input_file_ref idref="fl-7"/>
      </object_component>
      <object_component id="oc-1be">
         <name>.debug_info</name>
         <load_address>0x5a32</load_address>
         <run_address>0x5a32</run_address>
         <size>0x8b</size>
         <input_file_ref idref="fl-7"/>
      </object_component>
      <object_component id="oc-32">
         <name>.debug_info</name>
         <load_address>0x5abd</load_address>
         <run_address>0x5abd</run_address>
         <size>0x294</size>
         <input_file_ref idref="fl-9"/>
      </object_component>
      <object_component id="oc-13">
         <name>.debug_info</name>
         <load_address>0x5d51</load_address>
         <run_address>0x5d51</run_address>
         <size>0xd3</size>
         <input_file_ref idref="fl-9"/>
      </object_component>
      <object_component id="oc-2b">
         <name>.debug_info</name>
         <load_address>0x5e24</load_address>
         <run_address>0x5e24</run_address>
         <size>0x24f</size>
         <input_file_ref idref="fl-9"/>
      </object_component>
      <object_component id="oc-1d6">
         <name>.debug_info</name>
         <load_address>0x6073</load_address>
         <run_address>0x6073</run_address>
         <size>0x386</size>
         <input_file_ref idref="fl-11"/>
      </object_component>
      <object_component id="oc-f2">
         <name>.debug_info</name>
         <load_address>0x63f9</load_address>
         <run_address>0x63f9</run_address>
         <size>0x4a3</size>
         <input_file_ref idref="fl-11"/>
      </object_component>
      <object_component id="oc-1d7">
         <name>.debug_info</name>
         <load_address>0x689c</load_address>
         <run_address>0x689c</run_address>
         <size>0x5e</size>
         <input_file_ref idref="fl-11"/>
      </object_component>
      <object_component id="oc-297">
         <name>.debug_info</name>
         <load_address>0x68fa</load_address>
         <run_address>0x68fa</run_address>
         <size>0x289</size>
         <input_file_ref idref="fl-12"/>
      </object_component>
      <object_component id="oc-1d1">
         <name>.debug_info</name>
         <load_address>0x6b83</load_address>
         <run_address>0x6b83</run_address>
         <size>0x238</size>
         <input_file_ref idref="fl-12"/>
      </object_component>
      <object_component id="oc-290">
         <name>.debug_info</name>
         <load_address>0x6dbb</load_address>
         <run_address>0x6dbb</run_address>
         <size>0x38c</size>
         <input_file_ref idref="fl-13"/>
      </object_component>
      <object_component id="oc-1ca">
         <name>.debug_info</name>
         <load_address>0x7147</load_address>
         <run_address>0x7147</run_address>
         <size>0x242</size>
         <input_file_ref idref="fl-13"/>
      </object_component>
      <object_component id="oc-1c5">
         <name>.debug_info</name>
         <load_address>0x7389</load_address>
         <run_address>0x7389</run_address>
         <size>0x268</size>
         <input_file_ref idref="fl-14"/>
      </object_component>
      <object_component id="oc-192">
         <name>.debug_info</name>
         <load_address>0x75f1</load_address>
         <run_address>0x75f1</run_address>
         <size>0x326</size>
         <input_file_ref idref="fl-15"/>
      </object_component>
      <object_component id="oc-195">
         <name>.debug_info</name>
         <load_address>0x7917</load_address>
         <run_address>0x7917</run_address>
         <size>0xee</size>
         <input_file_ref idref="fl-15"/>
      </object_component>
      <object_component id="oc-e4">
         <name>.debug_info</name>
         <load_address>0x7a05</load_address>
         <run_address>0x7a05</run_address>
         <size>0x43b</size>
         <input_file_ref idref="fl-15"/>
      </object_component>
      <object_component id="oc-271">
         <name>.debug_info</name>
         <load_address>0x7e40</load_address>
         <run_address>0x7e40</run_address>
         <size>0x26b</size>
         <input_file_ref idref="fl-15"/>
      </object_component>
      <object_component id="oc-31a">
         <name>.debug_info</name>
         <load_address>0x80ab</load_address>
         <run_address>0x80ab</run_address>
         <size>0x297</size>
         <input_file_ref idref="fl-15"/>
      </object_component>
      <object_component id="oc-26c">
         <name>.debug_info</name>
         <load_address>0x8342</load_address>
         <run_address>0x8342</run_address>
         <size>0xbb</size>
         <input_file_ref idref="fl-15"/>
      </object_component>
      <object_component id="oc-211">
         <name>.debug_info</name>
         <load_address>0x83fd</load_address>
         <run_address>0x83fd</run_address>
         <size>0x333</size>
         <input_file_ref idref="fl-cb"/>
      </object_component>
      <object_component id="oc-11e">
         <name>.debug_info</name>
         <load_address>0x8730</load_address>
         <run_address>0x8730</run_address>
         <size>0x1d1</size>
         <input_file_ref idref="fl-cb"/>
      </object_component>
      <object_component id="oc-207">
         <name>.debug_info</name>
         <load_address>0x8901</load_address>
         <run_address>0x8901</run_address>
         <size>0x18d</size>
         <input_file_ref idref="fl-cb"/>
      </object_component>
      <object_component id="oc-20d">
         <name>.debug_info</name>
         <load_address>0x8a8e</load_address>
         <run_address>0x8a8e</run_address>
         <size>0x16d</size>
         <input_file_ref idref="fl-cb"/>
      </object_component>
      <object_component id="oc-25a">
         <name>.debug_info</name>
         <load_address>0x8bfb</load_address>
         <run_address>0x8bfb</run_address>
         <size>0x2c</size>
         <input_file_ref idref="fl-cb"/>
      </object_component>
      <object_component id="oc-259">
         <name>.debug_info</name>
         <load_address>0x8c27</load_address>
         <run_address>0x8c27</run_address>
         <size>0x340</size>
         <input_file_ref idref="fl-cc"/>
      </object_component>
      <object_component id="oc-176">
         <name>.debug_info</name>
         <load_address>0x8f67</load_address>
         <run_address>0x8f67</run_address>
         <size>0x208</size>
         <input_file_ref idref="fl-cc"/>
      </object_component>
      <object_component id="oc-24d">
         <name>.debug_info</name>
         <load_address>0x916f</load_address>
         <run_address>0x916f</run_address>
         <size>0x1c6</size>
         <input_file_ref idref="fl-cc"/>
      </object_component>
      <object_component id="oc-253">
         <name>.debug_info</name>
         <load_address>0x9335</load_address>
         <run_address>0x9335</run_address>
         <size>0x179</size>
         <input_file_ref idref="fl-cc"/>
      </object_component>
      <object_component id="oc-25f">
         <name>.debug_info</name>
         <load_address>0x94ae</load_address>
         <run_address>0x94ae</run_address>
         <size>0x69</size>
         <input_file_ref idref="fl-cc"/>
      </object_component>
      <object_component id="oc-10d">
         <name>.debug_info</name>
         <load_address>0x9517</load_address>
         <run_address>0x9517</run_address>
         <size>0x14c</size>
         <input_file_ref idref="fl-cd"/>
      </object_component>
      <object_component id="oc-1df">
         <name>.debug_info</name>
         <load_address>0x9663</load_address>
         <run_address>0x9663</run_address>
         <size>0x128</size>
         <input_file_ref idref="fl-ce"/>
      </object_component>
      <object_component id="oc-1e4">
         <name>.debug_info</name>
         <load_address>0x978b</load_address>
         <run_address>0x978b</run_address>
         <size>0x12a</size>
         <input_file_ref idref="fl-ce"/>
      </object_component>
      <object_component id="oc-1b1">
         <name>.debug_info</name>
         <load_address>0x98b5</load_address>
         <run_address>0x98b5</run_address>
         <size>0x13a</size>
         <input_file_ref idref="fl-cf"/>
      </object_component>
      <object_component id="oc-106">
         <name>.debug_info</name>
         <load_address>0x99ef</load_address>
         <run_address>0x99ef</run_address>
         <size>0x13a</size>
         <input_file_ref idref="fl-d0"/>
      </object_component>
      <object_component id="oc-1b8">
         <name>.debug_info</name>
         <load_address>0x9b29</load_address>
         <run_address>0x9b29</run_address>
         <size>0x13e</size>
         <input_file_ref idref="fl-d1"/>
      </object_component>
      <object_component id="oc-102">
         <name>.debug_info</name>
         <load_address>0x9c67</load_address>
         <run_address>0x9c67</run_address>
         <size>0x12c</size>
         <input_file_ref idref="fl-d2"/>
      </object_component>
      <object_component id="oc-f6">
         <name>.debug_info</name>
         <load_address>0x9d93</load_address>
         <run_address>0x9d93</run_address>
         <size>0x12c</size>
         <input_file_ref idref="fl-d3"/>
      </object_component>
      <object_component id="oc-40">
         <name>.debug_info</name>
         <load_address>0x9ebf</load_address>
         <run_address>0x9ebf</run_address>
         <size>0x119</size>
         <input_file_ref idref="fl-d4"/>
      </object_component>
      <object_component id="oc-95">
         <name>.debug_info</name>
         <load_address>0x9fd8</load_address>
         <run_address>0x9fd8</run_address>
         <size>0x2d4</size>
         <input_file_ref idref="fl-d5"/>
      </object_component>
      <object_component id="oc-4c">
         <name>.debug_info</name>
         <load_address>0xa2ac</load_address>
         <run_address>0xa2ac</run_address>
         <size>0x1d2</size>
         <input_file_ref idref="fl-d5"/>
      </object_component>
      <object_component id="oc-90">
         <name>.debug_info</name>
         <load_address>0xa47e</load_address>
         <run_address>0xa47e</run_address>
         <size>0x46</size>
         <input_file_ref idref="fl-d5"/>
      </object_component>
      <object_component id="oc-ce">
         <name>.debug_info</name>
         <load_address>0xa4c4</load_address>
         <run_address>0xa4c4</run_address>
         <size>0x2c</size>
         <input_file_ref idref="fl-d5"/>
      </object_component>
      <object_component id="oc-49">
         <name>.debug_info</name>
         <load_address>0xa4f0</load_address>
         <run_address>0xa4f0</run_address>
         <size>0x2a8</size>
         <input_file_ref idref="fl-d6"/>
      </object_component>
      <object_component id="oc-1e">
         <name>.debug_info</name>
         <load_address>0xa798</load_address>
         <run_address>0xa798</run_address>
         <size>0x1ea</size>
         <input_file_ref idref="fl-d6"/>
      </object_component>
      <object_component id="oc-44">
         <name>.debug_info</name>
         <load_address>0xa982</load_address>
         <run_address>0xa982</run_address>
         <size>0x46</size>
         <input_file_ref idref="fl-d6"/>
      </object_component>
      <object_component id="oc-88">
         <name>.debug_info</name>
         <load_address>0xa9c8</load_address>
         <run_address>0xa9c8</run_address>
         <size>0x2c</size>
         <input_file_ref idref="fl-d6"/>
      </object_component>
      <object_component id="oc-86">
         <name>.debug_info</name>
         <load_address>0xa9f4</load_address>
         <run_address>0xa9f4</run_address>
         <size>0x29e</size>
         <input_file_ref idref="fl-d7"/>
      </object_component>
      <object_component id="oc-16">
         <name>.debug_info</name>
         <load_address>0xac92</load_address>
         <run_address>0xac92</run_address>
         <size>0x250</size>
         <input_file_ref idref="fl-d7"/>
      </object_component>
      <object_component id="oc-34">
         <name>.debug_info</name>
         <load_address>0xaee2</load_address>
         <run_address>0xaee2</run_address>
         <size>0x60</size>
         <input_file_ref idref="fl-d7"/>
      </object_component>
      <object_component id="oc-c7">
         <name>.debug_info</name>
         <load_address>0xaf42</load_address>
         <run_address>0xaf42</run_address>
         <size>0x46</size>
         <input_file_ref idref="fl-d7"/>
      </object_component>
      <object_component id="oc-81">
         <name>.debug_info</name>
         <load_address>0xaf88</load_address>
         <run_address>0xaf88</run_address>
         <size>0x39</size>
         <input_file_ref idref="fl-d7"/>
      </object_component>
      <object_component id="oc-70">
         <name>.debug_info</name>
         <load_address>0xafc1</load_address>
         <run_address>0xafc1</run_address>
         <size>0x3b2</size>
         <input_file_ref idref="fl-d8"/>
      </object_component>
      <object_component id="oc-25">
         <name>.debug_info</name>
         <load_address>0xb373</load_address>
         <run_address>0xb373</run_address>
         <size>0x10c</size>
         <input_file_ref idref="fl-d8"/>
      </object_component>
      <object_component id="oc-2a1">
         <name>.debug_info</name>
         <load_address>0xb47f</load_address>
         <run_address>0xb47f</run_address>
         <size>0x13f</size>
         <input_file_ref idref="fl-d8"/>
      </object_component>
      <object_component id="oc-27c">
         <name>.debug_info</name>
         <load_address>0xb5be</load_address>
         <run_address>0xb5be</run_address>
         <size>0x168</size>
         <input_file_ref idref="fl-d8"/>
      </object_component>
      <object_component id="oc-1f0">
         <name>.debug_info</name>
         <load_address>0xb726</load_address>
         <run_address>0xb726</run_address>
         <size>0x18e</size>
         <input_file_ref idref="fl-d8"/>
      </object_component>
      <object_component id="oc-1f6">
         <name>.debug_info</name>
         <load_address>0xb8b4</load_address>
         <run_address>0xb8b4</run_address>
         <size>0x19f</size>
         <input_file_ref idref="fl-d8"/>
      </object_component>
      <object_component id="oc-113">
         <name>.debug_info</name>
         <load_address>0xba53</load_address>
         <run_address>0xba53</run_address>
         <size>0x203</size>
         <input_file_ref idref="fl-d8"/>
      </object_component>
      <object_component id="oc-39e">
         <name>.debug_info</name>
         <load_address>0xbc56</load_address>
         <run_address>0xbc56</run_address>
         <size>0x1db</size>
         <input_file_ref idref="fl-d8"/>
      </object_component>
      <object_component id="oc-19c">
         <name>.debug_info</name>
         <load_address>0xbe31</load_address>
         <run_address>0xbe31</run_address>
         <size>0x1a5</size>
         <input_file_ref idref="fl-d8"/>
      </object_component>
      <object_component id="oc-323">
         <name>.debug_info</name>
         <load_address>0xbfd6</load_address>
         <run_address>0xbfd6</run_address>
         <size>0x299</size>
         <input_file_ref idref="fl-d8"/>
      </object_component>
      <object_component id="oc-bb">
         <name>.debug_info</name>
         <load_address>0xc26f</load_address>
         <run_address>0xc26f</run_address>
         <size>0xb2</size>
         <input_file_ref idref="fl-d8"/>
      </object_component>
      <object_component id="oc-b6">
         <name>.debug_info</name>
         <load_address>0xc321</load_address>
         <run_address>0xc321</run_address>
         <size>0x2c</size>
         <input_file_ref idref="fl-d8"/>
      </object_component>
      <object_component id="oc-265">
         <name>.debug_info</name>
         <load_address>0xc34d</load_address>
         <run_address>0xc34d</run_address>
         <size>0x28a</size>
         <input_file_ref idref="fl-d9"/>
      </object_component>
      <object_component id="oc-17f">
         <name>.debug_info</name>
         <load_address>0xc5d7</load_address>
         <run_address>0xc5d7</run_address>
         <size>0x273</size>
         <input_file_ref idref="fl-d9"/>
      </object_component>
      <object_component id="oc-267">
         <name>.debug_info</name>
         <load_address>0xc84a</load_address>
         <run_address>0xc84a</run_address>
         <size>0x2a4</size>
         <input_file_ref idref="fl-da"/>
      </object_component>
      <object_component id="oc-182">
         <name>.debug_info</name>
         <load_address>0xcaee</load_address>
         <run_address>0xcaee</run_address>
         <size>0x24d</size>
         <input_file_ref idref="fl-da"/>
      </object_component>
      <object_component id="oc-1fd">
         <name>.debug_info</name>
         <load_address>0xcd3b</load_address>
         <run_address>0xcd3b</run_address>
         <size>0x28f</size>
         <input_file_ref idref="fl-db"/>
      </object_component>
      <object_component id="oc-116">
         <name>.debug_info</name>
         <load_address>0xcfca</load_address>
         <run_address>0xcfca</run_address>
         <size>0x245</size>
         <input_file_ref idref="fl-db"/>
      </object_component>
      <object_component id="oc-28">
         <name>.debug_info</name>
         <load_address>0xd20f</load_address>
         <run_address>0xd20f</run_address>
         <size>0x10b</size>
         <input_file_ref idref="fl-dc"/>
      </object_component>
      <object_component id="oc-5d">
         <name>.debug_info</name>
         <load_address>0xd31a</load_address>
         <run_address>0xd31a</run_address>
         <size>0x1a9</size>
         <input_file_ref idref="fl-dc"/>
      </object_component>
      <object_component id="oc-2e8">
         <name>.debug_info</name>
         <load_address>0xd4c3</load_address>
         <run_address>0xd4c3</run_address>
         <size>0x590</size>
         <input_file_ref idref="fl-dd"/>
      </object_component>
      <object_component id="oc-2b8">
         <name>.debug_info</name>
         <load_address>0xda53</load_address>
         <run_address>0xda53</run_address>
         <size>0x21e</size>
         <input_file_ref idref="fl-dd"/>
      </object_component>
      <object_component id="oc-348">
         <name>.debug_info</name>
         <load_address>0xdc71</load_address>
         <run_address>0xdc71</run_address>
         <size>0x1b3</size>
         <input_file_ref idref="fl-dd"/>
      </object_component>
      <object_component id="oc-34e">
         <name>.debug_info</name>
         <load_address>0xde24</load_address>
         <run_address>0xde24</run_address>
         <size>0x21b</size>
         <input_file_ref idref="fl-dd"/>
      </object_component>
      <object_component id="oc-2bf">
         <name>.debug_info</name>
         <load_address>0xe03f</load_address>
         <run_address>0xe03f</run_address>
         <size>0x3c0</size>
         <input_file_ref idref="fl-dd"/>
      </object_component>
      <object_component id="oc-355">
         <name>.debug_info</name>
         <load_address>0xe3ff</load_address>
         <run_address>0xe3ff</run_address>
         <size>0x30a</size>
         <input_file_ref idref="fl-dd"/>
      </object_component>
      <object_component id="oc-35b">
         <name>.debug_info</name>
         <load_address>0xe709</load_address>
         <run_address>0xe709</run_address>
         <size>0x215</size>
         <input_file_ref idref="fl-dd"/>
      </object_component>
      <object_component id="oc-2c5">
         <name>.debug_info</name>
         <load_address>0xe91e</load_address>
         <run_address>0xe91e</run_address>
         <size>0x215</size>
         <input_file_ref idref="fl-dd"/>
      </object_component>
      <object_component id="oc-2cb">
         <name>.debug_info</name>
         <load_address>0xeb33</load_address>
         <run_address>0xeb33</run_address>
         <size>0x304</size>
         <input_file_ref idref="fl-dd"/>
      </object_component>
      <object_component id="oc-2d0">
         <name>.debug_info</name>
         <load_address>0xee37</load_address>
         <run_address>0xee37</run_address>
         <size>0x4b5</size>
         <input_file_ref idref="fl-dd"/>
      </object_component>
      <object_component id="oc-1ff">
         <name>.debug_info</name>
         <load_address>0xf2ec</load_address>
         <run_address>0xf2ec</run_address>
         <size>0x5f4</size>
         <input_file_ref idref="fl-dd"/>
      </object_component>
      <object_component id="oc-2e9">
         <name>.debug_info</name>
         <load_address>0xf8e0</load_address>
         <run_address>0xf8e0</run_address>
         <size>0x86</size>
         <input_file_ref idref="fl-dd"/>
      </object_component>
      <object_component id="oc-384">
         <name>.debug_info</name>
         <load_address>0xf966</load_address>
         <run_address>0xf966</run_address>
         <size>0x39</size>
         <input_file_ref idref="fl-dd"/>
      </object_component>
      <object_component id="oc-3d1">
         <name>.debug_info</name>
         <load_address>0xf99f</load_address>
         <run_address>0xf99f</run_address>
         <size>0xb6</size>
         <input_file_ref idref="fl-dd"/>
      </object_component>
      <object_component id="oc-389">
         <name>.debug_info</name>
         <load_address>0xfa55</load_address>
         <run_address>0xfa55</run_address>
         <size>0x46</size>
         <input_file_ref idref="fl-dd"/>
      </object_component>
      <object_component id="oc-2ee">
         <name>.debug_info</name>
         <load_address>0xfa9b</load_address>
         <run_address>0xfa9b</run_address>
         <size>0x46</size>
         <input_file_ref idref="fl-dd"/>
      </object_component>
      <object_component id="oc-97">
         <name>.debug_info</name>
         <load_address>0xfae1</load_address>
         <run_address>0xfae1</run_address>
         <size>0x147</size>
         <input_file_ref idref="fl-de"/>
      </object_component>
      <object_component id="oc-33c">
         <name>.debug_info</name>
         <load_address>0xfc28</load_address>
         <run_address>0xfc28</run_address>
         <size>0x12e</size>
         <input_file_ref idref="fl-df"/>
      </object_component>
      <object_component id="oc-336">
         <name>.debug_info</name>
         <load_address>0xfd56</load_address>
         <run_address>0xfd56</run_address>
         <size>0x134</size>
         <input_file_ref idref="fl-e0"/>
      </object_component>
      <object_component id="oc-22b">
         <name>.debug_info</name>
         <load_address>0xfe8a</load_address>
         <run_address>0xfe8a</run_address>
         <size>0x4b3</size>
         <input_file_ref idref="fl-e1"/>
      </object_component>
      <object_component id="oc-130">
         <name>.debug_info</name>
         <load_address>0x1033d</load_address>
         <run_address>0x1033d</run_address>
         <size>0x1a6</size>
         <input_file_ref idref="fl-e1"/>
      </object_component>
      <object_component id="oc-2fd">
         <name>.debug_info</name>
         <load_address>0x104e3</load_address>
         <run_address>0x104e3</run_address>
         <size>0x39</size>
         <input_file_ref idref="fl-e1"/>
      </object_component>
      <object_component id="oc-38e">
         <name>.debug_info</name>
         <load_address>0x1051c</load_address>
         <run_address>0x1051c</run_address>
         <size>0x39</size>
         <input_file_ref idref="fl-e1"/>
      </object_component>
      <object_component id="oc-302">
         <name>.debug_info</name>
         <load_address>0x10555</load_address>
         <run_address>0x10555</run_address>
         <size>0x39</size>
         <input_file_ref idref="fl-e1"/>
      </object_component>
      <object_component id="oc-307">
         <name>.debug_info</name>
         <load_address>0x1058e</load_address>
         <run_address>0x1058e</run_address>
         <size>0xcd</size>
         <input_file_ref idref="fl-e1"/>
      </object_component>
      <object_component id="oc-9f">
         <name>.debug_info</name>
         <load_address>0x1065b</load_address>
         <run_address>0x1065b</run_address>
         <size>0x153</size>
         <input_file_ref idref="fl-e2"/>
      </object_component>
      <object_component id="oc-124">
         <name>.debug_info</name>
         <load_address>0x107ae</load_address>
         <run_address>0x107ae</run_address>
         <size>0x122</size>
         <input_file_ref idref="fl-e4"/>
      </object_component>
      <object_component id="oc-2ad">
         <name>.debug_info</name>
         <load_address>0x108d0</load_address>
         <run_address>0x108d0</run_address>
         <size>0x2c9</size>
         <input_file_ref idref="fl-e5"/>
      </object_component>
      <object_component id="oc-1f9">
         <name>.debug_info</name>
         <load_address>0x10b99</load_address>
         <run_address>0x10b99</run_address>
         <size>0x11e</size>
         <input_file_ref idref="fl-e5"/>
      </object_component>
      <object_component id="oc-2a9">
         <name>.debug_info</name>
         <load_address>0x10cb7</load_address>
         <run_address>0x10cb7</run_address>
         <size>0x12e</size>
         <input_file_ref idref="fl-e5"/>
      </object_component>
      <object_component id="oc-3ae">
         <name>.debug_info</name>
         <load_address>0x10de5</load_address>
         <run_address>0x10de5</run_address>
         <size>0x29c</size>
         <input_file_ref idref="fl-e6"/>
      </object_component>
      <object_component id="oc-344">
         <name>.debug_info</name>
         <load_address>0x11081</load_address>
         <run_address>0x11081</run_address>
         <size>0x1da</size>
         <input_file_ref idref="fl-e6"/>
      </object_component>
      <object_component id="oc-334">
         <name>.debug_info</name>
         <load_address>0x1125b</load_address>
         <run_address>0x1125b</run_address>
         <size>0x2b9</size>
         <input_file_ref idref="fl-e8"/>
      </object_component>
      <object_component id="oc-2b5">
         <name>.debug_info</name>
         <load_address>0x11514</load_address>
         <run_address>0x11514</run_address>
         <size>0x17c</size>
         <input_file_ref idref="fl-e8"/>
      </object_component>
      <object_component id="oc-3a3">
         <name>.debug_info</name>
         <load_address>0x11690</load_address>
         <run_address>0x11690</run_address>
         <size>0xf9</size>
         <input_file_ref idref="fl-e9"/>
      </object_component>
      <object_component id="oc-331">
         <name>.debug_info</name>
         <load_address>0x11789</load_address>
         <run_address>0x11789</run_address>
         <size>0x105</size>
         <input_file_ref idref="fl-e9"/>
      </object_component>
      <object_component id="oc-375">
         <name>.debug_info</name>
         <load_address>0x1188e</load_address>
         <run_address>0x1188e</run_address>
         <size>0x2a7</size>
         <input_file_ref idref="fl-ea"/>
      </object_component>
      <object_component id="oc-2d7">
         <name>.debug_info</name>
         <load_address>0x11b35</load_address>
         <run_address>0x11b35</run_address>
         <size>0x1b8</size>
         <input_file_ref idref="fl-ea"/>
      </object_component>
      <object_component id="oc-3c3">
         <name>.debug_info</name>
         <load_address>0x11ced</load_address>
         <run_address>0x11ced</run_address>
         <size>0x29a</size>
         <input_file_ref idref="fl-eb"/>
      </object_component>
      <object_component id="oc-36f">
         <name>.debug_info</name>
         <load_address>0x11f87</load_address>
         <run_address>0x11f87</run_address>
         <size>0x262</size>
         <input_file_ref idref="fl-eb"/>
      </object_component>
      <object_component id="oc-381">
         <name>.debug_info</name>
         <load_address>0x121e9</load_address>
         <run_address>0x121e9</run_address>
         <size>0x289</size>
         <input_file_ref idref="fl-ec"/>
      </object_component>
      <object_component id="oc-37e">
         <name>.debug_info</name>
         <load_address>0x12472</load_address>
         <run_address>0x12472</run_address>
         <size>0x10e</size>
         <input_file_ref idref="fl-ec"/>
      </object_component>
      <object_component id="oc-2e2">
         <name>.debug_info</name>
         <load_address>0x12580</load_address>
         <run_address>0x12580</run_address>
         <size>0x14e</size>
         <input_file_ref idref="fl-ec"/>
      </object_component>
      <object_component id="oc-3b4">
         <name>.debug_info</name>
         <load_address>0x126ce</load_address>
         <run_address>0x126ce</run_address>
         <size>0x29a</size>
         <input_file_ref idref="fl-ed"/>
      </object_component>
      <object_component id="oc-363">
         <name>.debug_info</name>
         <load_address>0x12968</load_address>
         <run_address>0x12968</run_address>
         <size>0x195</size>
         <input_file_ref idref="fl-ed"/>
      </object_component>
      <object_component id="oc-3de">
         <name>.debug_info</name>
         <load_address>0x12afd</load_address>
         <run_address>0x12afd</run_address>
         <size>0x39</size>
         <input_file_ref idref="fl-ed"/>
      </object_component>
      <object_component id="oc-3b5">
         <name>.debug_info</name>
         <load_address>0x12b36</load_address>
         <run_address>0x12b36</run_address>
         <size>0x2c</size>
         <input_file_ref idref="fl-ed"/>
      </object_component>
      <object_component id="oc-3c1">
         <name>.debug_info</name>
         <load_address>0x12b62</load_address>
         <run_address>0x12b62</run_address>
         <size>0x2fd</size>
         <input_file_ref idref="fl-ee"/>
      </object_component>
      <object_component id="oc-368">
         <name>.debug_info</name>
         <load_address>0x12e5f</load_address>
         <run_address>0x12e5f</run_address>
         <size>0x225</size>
         <input_file_ref idref="fl-ee"/>
      </object_component>
      <object_component id="oc-37c">
         <name>.debug_info</name>
         <load_address>0x13084</load_address>
         <run_address>0x13084</run_address>
         <size>0x28f</size>
         <input_file_ref idref="fl-ef"/>
      </object_component>
      <object_component id="oc-2dc">
         <name>.debug_info</name>
         <load_address>0x13313</load_address>
         <run_address>0x13313</run_address>
         <size>0x15a</size>
         <input_file_ref idref="fl-ef"/>
      </object_component>
      <object_component id="oc-3c6">
         <name>.debug_info</name>
         <load_address>0x1346d</load_address>
         <run_address>0x1346d</run_address>
         <size>0x46</size>
         <input_file_ref idref="fl-ef"/>
      </object_component>
      <object_component id="oc-377">
         <name>.debug_info</name>
         <load_address>0x134b3</load_address>
         <run_address>0x134b3</run_address>
         <size>0x39</size>
         <input_file_ref idref="fl-ef"/>
      </object_component>
      <object_component id="oc-3a7">
         <name>.debug_info</name>
         <load_address>0x134ec</load_address>
         <run_address>0x134ec</run_address>
         <size>0x115</size>
         <input_file_ref idref="fl-f0"/>
      </object_component>
      <object_component id="oc-3bb">
         <name>.debug_info</name>
         <load_address>0x13601</load_address>
         <run_address>0x13601</run_address>
         <size>0x161</size>
         <input_file_ref idref="fl-f1"/>
      </object_component>
      <object_component id="oc-249">
         <name>.debug_info</name>
         <load_address>0x13762</load_address>
         <run_address>0x13762</run_address>
         <size>0x20e</size>
         <input_file_ref idref="fl-f2"/>
      </object_component>
      <object_component id="oc-241">
         <name>.debug_info</name>
         <load_address>0x13970</load_address>
         <run_address>0x13970</run_address>
         <size>0x157</size>
         <input_file_ref idref="fl-f2"/>
      </object_component>
      <object_component id="oc-165">
         <name>.debug_info</name>
         <load_address>0x13ac7</load_address>
         <run_address>0x13ac7</run_address>
         <size>0x2c1</size>
         <input_file_ref idref="fl-f2"/>
      </object_component>
      <object_component id="oc-1a7">
         <name>.debug_info</name>
         <load_address>0x13d88</load_address>
         <run_address>0x13d88</run_address>
         <size>0x23e</size>
         <input_file_ref idref="fl-f2"/>
      </object_component>
      <object_component id="oc-244">
         <name>.debug_info</name>
         <load_address>0x13fc6</load_address>
         <run_address>0x13fc6</run_address>
         <size>0x18b</size>
         <input_file_ref idref="fl-f2"/>
      </object_component>
      <object_component id="oc-282">
         <name>.debug_info</name>
         <load_address>0x14151</load_address>
         <run_address>0x14151</run_address>
         <size>0x212</size>
[...]
         <name>oi_uartReceive</name>
         <value>0xa31</value>
         <object_component_ref idref="oc-e9"/>
      </symbol>
      <symbol id="sm-1fa">
         <name>oi_setWheels</name>
         <value>0x88f</value>
         <object_component_ref idref="oc-e9"/>
      </symbol>
      <symbol id="sm-1fb">
         <name>oi_shutoff_init</name>
         <value>0xb51</value>
         <object_component_ref idref="oc-e9"/>
      </symbol>
      <symbol id="sm-1fc">
         <name>motor_cal_factor_L</name>
         <value>0x20002328</value>
         <object_component_ref idref="oc-1ab"/>
      </symbol>
      <symbol id="sm-1fd">
         <name>motor_cal_factor_R</name>
         <value>0x2000232c</value>
         <object_component_ref idref="oc-1ab"/>
      </symbol>
      <symbol id="sm-1fe">
         <name>oi_parseInt</name>
         <value>0x4367</value>
         <object_component_ref idref="oc-19e"/>
      </symbol>
      <symbol id="sm-1ff">
         <name>oi_setMotorCalibration</name>
         <value>0xdb1</value>
         <object_component_ref idref="oc-e9"/>
      </symbol>
      <symbol id="sm-200">
         <name>oi_uartSendStr</name>
         <value>0xa59</value>
         <object_component_ref idref="oc-e9"/>
      </symbol>
      <symbol id="sm-201">
         <name>oi_close</name>
         <value>0x2c7</value>
         <object_component_ref idref="oc-e9"/>
      </symbol>
      <symbol id="sm-202">
         <name>oi_uartSendBuff</name>
         <value>0xa77</value>
         <object_component_ref idref="oc-e9"/>
      </symbol>
      <symbol id="sm-203">
         <name>oi_checkFirmware</name>
         <value>0xaa9</value>
         <object_component_ref idref="oc-e9"/>
      </symbol>
      <symbol id="sm-204">
         <name>oi_init_noupdate</name>
         <value>0x289</value>
         <object_component_ref idref="oc-e9"/>
      </symbol>
      <symbol id="sm-205">
         <name>oi_uartSendChar</name>
         <value>0xa15</value>
         <object_component_ref idref="oc-e9"/>
      </symbol>
      <symbol id="sm-206">
         <name>oi_alloc</name>
         <value>0x26d</value>
         <object_component_ref idref="oc-e9"/>
      </symbol>
      <symbol id="sm-207">
         <name>oi_getMotorCalibrationLeft</name>
         <value>0xded</value>
         <object_component_ref idref="oc-e9"/>
      </symbol>
      <symbol id="sm-208">
         <name>oi_loadSong</name>
         <value>0x915</value>
         <object_component_ref idref="oc-e9"/>
      </symbol>
      <symbol id="sm-209">
         <name>oi_play_song</name>
         <value>0x96b</value>
         <object_component_ref idref="oc-e9"/>
      </symbol>
      <symbol id="sm-20a">
         <name>oi_parsePacket</name>
         <value>0x32b</value>
         <object_component_ref idref="oc-e9"/>
      </symbol>
      <symbol id="sm-20b">
         <name>oi_setLeds</name>
         <value>0x84b</value>
         <object_component_ref idref="oc-e9"/>
      </symbol>
      <symbol id="sm-20c">
         <name>oi_init</name>
         <value>0x2b1</value>
         <object_component_ref idref="oc-e9"/>
      </symbol>
      <symbol id="sm-20d">
         <name>oi_update</name>
         <value>0x2d9</value>
         <object_component_ref idref="oc-e9"/>
      </symbol>
      <symbol id="sm-20e">
         <name>oi_uartInit</name>
         <value>0x98d</value>
         <object_component_ref idref="oc-e9"/>
      </symbol>
      <symbol id="sm-22b">
         <name>ResetISR</name>
         <value>0x4421</value>
         <object_component_ref idref="oc-2a"/>
      </symbol>
      <symbol id="sm-22c">
         <name>g_pfnVectors</name>
         <value>0x0</value>
         <object_component_ref idref="oc-12"/>
      </symbol>
      <symbol id="sm-249">
         <name>cyBot_FindObjects</name>
         <value>0x2e2d</value>
         <object_component_ref idref="oc-ef"/>
      </symbol>
      <symbol id="sm-24a">
         <name>cyBOT_Scan</name>
         <value>0x2f43</value>
         <object_component_ref idref="oc-ef"/>
      </symbol>
      <symbol id="sm-24b">
         <name>cyBOT_init_Scan</name>
         <value>0x2f33</value>
         <object_component_ref idref="oc-ef"/>
      </symbol>
      <symbol id="sm-272">
         <name>isr_int_value</name>
         <value>0x20002318</value>
      </symbol>
      <symbol id="sm-273">
         <name>ir_enableInterrupt</name>
         <value>0x34ef</value>
         <object_component_ref idref="oc-1cf"/>
      </symbol>
      <symbol id="sm-274">
         <name>ir_getDistance</name>
         <value>0x34d1</value>
         <object_component_ref idref="oc-1cf"/>
      </symbol>
      <symbol id="sm-275">
         <name>ir_init</name>
         <value>0x3441</value>
         <object_component_ref idref="oc-1cf"/>
      </symbol>
      <symbol id="sm-276">
         <name>ADC0SS0_Handler</name>
         <value>0x34d9</value>
         <object_component_ref idref="oc-1cf"/>
      </symbol>
      <symbol id="sm-277">
         <name>ir_getValue</name>
         <value>0x34a9</value>
         <object_component_ref idref="oc-1cf"/>
      </symbol>
      <symbol id="sm-2a6">
         <name>risingEdge</name>
         <value>0x20002320</value>
      </symbol>
      <symbol id="sm-2a7">
         <name>fallingEdge</name>
         <value>0x20002314</value>
      </symbol>
      <symbol id="sm-2a8">
         <name>pulseLength</name>
         <value>0x2000231c</value>
      </symbol>
      <symbol id="sm-2a9">
         <name>isRisingEdge</name>
         <value>0x20002324</value>
      </symbol>
      <symbol id="sm-2aa">
         <name>TIMER3B_Handler</name>
         <value>0x284d</value>
         <object_component_ref idref="oc-1c9"/>
      </symbol>
      <symbol id="sm-2ab">
         <name>ping_init</name>
         <value>0x275d</value>
         <object_component_ref idref="oc-1c9"/>
      </symbol>
      <symbol id="sm-2ac">
         <name>ping_getDistance</name>
         <value>0x289f</value>
         <object_component_ref idref="oc-1c9"/>
      </symbol>
      <symbol id="sm-2ad">
         <name>ping_trigger</name>
         <value>0x27e3</value>
         <object_component_ref idref="oc-1c9"/>
      </symbol>
      <symbol id="sm-2cb">
         <name>servo_move</name>
         <value>0x33a1</value>
         <object_component_ref idref="oc-1c3"/>
      </symbol>
      <symbol id="sm-2cc">
         <name>servo_init</name>
         <value>0x331d</value>
         <object_component_ref idref="oc-1c3"/>
      </symbol>
      <symbol id="sm-2cd">
         <name>servo_stop</name>
         <value>0x3395</value>
         <object_component_ref idref="oc-1c3"/>
      </symbol>
      <symbol id="sm-2ce">
         <name>servo_setPWM</name>
         <value>0x33eb</value>
         <object_component_ref idref="oc-1c3"/>
      </symbol>
      <symbol id="sm-30a">
         <name>isr_char_buffer</name>
         <value>0x200022c4</value>
      </symbol>
      <symbol id="sm-30b">
         <name>cyBot_getByte</name>
         <value>0x2dbf</value>
         <object_component_ref idref="oc-e3"/>
      </symbol>
      <symbol id="sm-30c">
         <name>cyBot_sendByte</name>
         <value>0x2cd1</value>
         <object_component_ref idref="oc-e3"/>
      </symbol>
      <symbol id="sm-30d">
         <name>cyBot_uart_sendStr</name>
         <value>0x2cdd</value>
         <object_component_ref idref="oc-e3"/>
      </symbol>
      <symbol id="sm-30e">
         <name>isr_counter</name>
         <value>0x20002358</value>
         <object_component_ref idref="oc-194"/>
      </symbol>
      <symbol id="sm-30f">
         <name>cyBot_uart_sendBuffer</name>
         <value>0x2cf7</value>
         <object_component_ref idref="oc-e3"/>
      </symbol>
      <symbol id="sm-310">
         <name>cyBot_uart_flush</name>
         <value>0x2da1</value>
         <object_component_ref idref="oc-e3"/>
      </symbol>
      <symbol id="sm-311">
         <name>cyBot_UART1_Handler</name>
         <value>0x2dd9</value>
         <object_component_ref idref="oc-e3"/>
      </symbol>
      <symbol id="sm-312">
         <name>cyBot_uart_init</name>
         <value>0x2d0f</value>
         <object_component_ref idref="oc-e3"/>
      </symbol>
      <symbol id="sm-339">
         <name>sprintf</name>
         <value>0x40a9</value>
         <object_component_ref idref="oc-11b"/>
      </symbol>
      <symbol id="sm-363">
         <name>vsnprintf</name>
         <value>0x40e9</value>
         <object_component_ref idref="oc-175"/>
      </symbol>
      <symbol id="sm-37a">
         <name>__aeabi_dsub</name>
         <value>0x2b19</value>
         <object_component_ref idref="oc-10a"/>
      </symbol>
      <symbol id="sm-37b">
         <name>__aeabi_dadd</name>
         <value>0x2b23</value>
         <object_component_ref idref="oc-10a"/>
      </symbol>
      <symbol id="sm-39d">
         <name>__aeabi_cdcmpeq</name>
         <value>0x3b35</value>
         <object_component_ref idref="oc-1dd"/>
      </symbol>
      <symbol id="sm-39e">
         <name>__aeabi_cdcmple</name>
         <value>0x3b35</value>
         <object_component_ref idref="oc-1dd"/>
      </symbol>
      <symbol id="sm-39f">
         <name>__aeabi_cdrcmple</name>
         <value>0x3bbb</value>
         <object_component_ref idref="oc-1e2"/>
      </symbol>
      <symbol id="sm-3b3">
         <name>__aeabi_ddiv</name>
         <value>0x30c1</value>
         <object_component_ref idref="oc-1ae"/>
      </symbol>
      <symbol id="sm-3be">
         <name>__aeabi_dmul</name>
         <value>0x3771</value>
         <object_component_ref idref="oc-105"/>
      </symbol>
      <symbol id="sm-3ca">
         <name>__aeabi_d2f</name>
         <value>0x3d9b</value>
         <object_component_ref idref="oc-1b6"/>
      </symbol>
      <symbol id="sm-3d5">
         <name>__aeabi_f2d</name>
         <value>0x41a1</value>
         <object_component_ref idref="oc-100"/>
      </symbol>
      <symbol id="sm-3df">
         <name>__aeabi_i2d</name>
         <value>0x4271</value>
         <object_component_ref idref="oc-f5"/>
      </symbol>
      <symbol id="sm-3fa">
         <name>memcpy</name>
         <value>0x3a03</value>
         <object_component_ref idref="oc-3e"/>
      </symbol>
      <symbol id="sm-3fb">
         <name>__aeabi_memcpy</name>
         <value>0x3a03</value>
         <object_component_ref idref="oc-3e"/>
      </symbol>
      <symbol id="sm-3fc">
         <name>__aeabi_memcpy8</name>
         <value>0x3a03</value>
         <object_component_ref idref="oc-3e"/>
      </symbol>
      <symbol id="sm-3fd">
         <name>__aeabi_memcpy4</name>
         <value>0x3a03</value>
         <object_component_ref idref="oc-3e"/>
      </symbol>
      <symbol id="sm-416">
         <name>__TI_zero_init_nomemset</name>
         <value>0x42c9</value>
         <object_component_ref idref="oc-4a"/>
      </symbol>
      <symbol id="sm-42d">
         <name>__TI_decompress_none</name>
         <value>0x4407</value>
         <object_component_ref idref="oc-1b"/>
      </symbol>
      <symbol id="sm-450">
         <name>__TI_decompress_lzss</name>
         <value>0x3e09</value>
         <object_component_ref idref="oc-15"/>
      </symbol>
      <symbol id="sm-4e5">
         <name>_sys_memory</name>
         <value>0x20001270</value>
         <object_component_ref idref="oc-24"/>
      </symbol>
      <symbol id="sm-4e6">
         <name>free</name>
         <value>0x386d</value>
         <object_component_ref idref="oc-10f"/>
      </symbol>
      <symbol id="sm-4e7">
         <name>memalign</name>
         <value>0x3669</value>
         <object_component_ref idref="oc-31f"/>
      </symbol>
      <symbol id="sm-4e8">
         <name>calloc</name>
         <value>0x4169</value>
         <object_component_ref idref="oc-198"/>
      </symbol>
      <symbol id="sm-4e9">
         <name>malloc</name>
         <value>0x4441</value>
         <object_component_ref idref="oc-278"/>
      </symbol>
      <symbol id="sm-4ea">
         <name>aligned_alloc</name>
         <value>0x3669</value>
         <object_component_ref idref="oc-31f"/>
      </symbol>
      <symbol id="sm-4f9">
         <name>strcmp</name>
         <value>0x437f</value>
         <object_component_ref idref="oc-17b"/>
      </symbol>
      <symbol id="sm-507">
         <name>strcpy</name>
         <value>0x43ad</value>
         <object_component_ref idref="oc-181"/>
      </symbol>
      <symbol id="sm-515">
         <name>strlen</name>
         <value>0x43c1</value>
         <object_component_ref idref="oc-115"/>
      </symbol>
      <symbol id="sm-528">
         <name>__stack</name>
         <value>0x20000270</value>
         <object_component_ref idref="oc-27"/>
      </symbol>
      <symbol id="sm-529">
         <name>_c_int00_noargs</name>
         <value>0x420d</value>
         <object_component_ref idref="oc-5c"/>
      </symbol>
      <symbol id="sm-68e">
         <name>__TI_printfi</name>
         <value>0xe8d</value>
         <object_component_ref idref="oc-1fe"/>
      </symbol>
      <symbol id="sm-69d">
         <name>__aeabi_memset</name>
         <value>0x3c43</value>
         <object_component_ref idref="oc-96"/>
      </symbol>
      <symbol id="sm-69e">
         <name>memset</name>
         <value>0x3c49</value>
         <object_component_ref idref="oc-96"/>
      </symbol>
      <symbol id="sm-69f">
         <name>__aeabi_memset8</name>
         <value>0x3c43</value>
         <object_component_ref idref="oc-96"/>
      </symbol>
      <symbol id="sm-6a0">
         <name>__aeabi_memset4</name>
         <value>0x3c43</value>
         <object_component_ref idref="oc-96"/>
      </symbol>
      <symbol id="sm-6a1">
         <name>__aeabi_memclr8</name>
         <value>0x3c41</value>
         <object_component_ref idref="oc-96"/>
      </symbol>
      <symbol id="sm-6a2">
         <name>__aeabi_memclr4</name>
         <value>0x3c41</value>
         <object_component_ref idref="oc-96"/>
      </symbol>
      <symbol id="sm-6a3">
         <name>__aeabi_memclr</name>
         <value>0x3c41</value>
         <object_component_ref idref="oc-96"/>
      </symbol>
      <symbol id="sm-6ad">
         <name>__aeabi_d2iz</name>
         <value>0x401d</value>
         <object_component_ref idref="oc-33b"/>
      </symbol>
      <symbol id="sm-6ba">
         <name>__aeabi_uldivmod</name>
         <value>0x3a9f</value>
         <object_component_ref idref="oc-335"/>
      </symbol>
      <symbol id="sm-6e2">
         <name>__TI_auto_init_nobinit_nopinit</name>
         <value>0x4065</value>
         <object_component_ref idref="oc-12f"/>
      </symbol>
      <symbol id="sm-6ec">
         <name>_system_pre_init</name>
         <value>0x4449</value>
         <object_component_ref idref="oc-9c"/>
      </symbol>
      <symbol id="sm-6f8">
         <name>C$$EXIT</name>
         <value>0x444d</value>
         <object_component_ref idref="oc-123"/>
      </symbol>
      <symbol id="sm-6f9">
         <name>abort</name>
         <value>0x444d</value>
         <object_component_ref idref="oc-123"/>
      </symbol>
      <symbol id="sm-70e">
         <name>_nop</name>
         <value>0x18db</value>
         <object_component_ref idref="oc-2a5"/>
      </symbol>
      <symbol id="sm-70f">
         <name>_lock</name>
         <value>0x20002348</value>
         <object_component_ref idref="oc-1f8"/>
      </symbol>
      <symbol id="sm-710">
         <name>_unlock</name>
         <value>0x2000234c</value>
         <object_component_ref idref="oc-1f8"/>
      </symbol>
      <symbol id="sm-71f">
         <name>__TI_ltoa</name>
         <value>0x3f2b</value>
         <object_component_ref idref="oc-340"/>
      </symbol>
      <symbol id="sm-736">
         <name>atoi</name>
         <value>0x3fd1</value>
         <object_component_ref idref="oc-2b1"/>
      </symbol>
      <symbol id="sm-741">
         <name>_ctypes_</name>
         <value>0x4450</value>
         <object_component_ref idref="oc-330"/>
      </symbol>
      <symbol id="sm-751">
         <name>memccpy</name>
         <value>0x4301</value>
         <object_component_ref idref="oc-2d5"/>
      </symbol>
      <symbol id="sm-761">
         <name>strchr</name>
         <value>0x4397</value>
         <object_component_ref idref="oc-36d"/>
      </symbol>
      <symbol id="sm-777">
         <name>__aeabi_errno_addr</name>
         <value>0x4439</value>
         <object_component_ref idref="oc-2e1"/>
      </symbol>
      <symbol id="sm-778">
         <name>errno</name>
         <value>0x2000235c</value>
         <object_component_ref idref="oc-37d"/>
      </symbol>
      <symbol id="sm-798">
         <name>frexpl</name>
         <value>0x3e71</value>
         <object_component_ref idref="oc-361"/>
      </symbol>
      <symbol id="sm-799">
         <name>frexp</name>
         <value>0x3e71</value>
         <object_component_ref idref="oc-361"/>
      </symbol>
      <symbol id="sm-7b6">
         <name>scalbn</name>
         <value>0x3559</value>
         <object_component_ref idref="oc-367"/>
      </symbol>
      <symbol id="sm-7b7">
         <name>scalbnl</name>
         <value>0x3559</value>
         <object_component_ref idref="oc-367"/>
      </symbol>
      <symbol id="sm-7b8">
         <name>ldexpl</name>
         <value>0x3559</value>
         <object_component_ref idref="oc-367"/>
      </symbol>
      <symbol id="sm-7b9">
         <name>ldexp</name>
         <value>0x3559</value>
         <object_component_ref idref="oc-367"/>
      </symbol>
      <symbol id="sm-7d2">
         <name>wcslen</name>
         <value>0x43d5</value>
         <object_component_ref idref="oc-2db"/>
      </symbol>
      <symbol id="sm-7dc">
         <name>__aeabi_idiv0</name>
         <value>0x2ccf</value>
         <object_component_ref idref="oc-3a6"/>
      </symbol>
      <symbol id="sm-7dd">
         <name>__aeabi_ldiv0</name>
         <value>0x2ccf</value>
         <object_component_ref idref="oc-3a6"/>
      </symbol>
      <symbol id="sm-7e7">
         <name>copysign</name>
         <value>0x431d</value>
         <object_component_ref idref="oc-3ba"/>
      </symbol>
      <symbol id="sm-7e8">
         <name>copysignl</name>
         <value>0x431d</value>
         <object_component_ref idref="oc-3ba"/>
      </symbol>
      <symbol id="sm-80d">
         <name>IntRegister</name>
         <value>0x41d9</value>
         <object_component_ref idref="oc-163"/>
      </symbol>
      <symbol id="sm-80e">
         <name>g_pfnRAMVectors</name>
         <value>0x20000000</value>
         <object_component_ref idref="oc-240"/>
      </symbol>
      <symbol id="sm-80f">
         <name>IntMasterEnable</name>
         <value>0x43e7</value>
         <object_component_ref idref="oc-1a5"/>
      </symbol>
      <symbol id="sm-819">
         <name>CPUcpsie</name>
         <value>0x4415</value>
         <object_component_ref idref="oc-27f"/>
      </symbol>
      <symbol id="sm-81a">
         <name>__TI_static_base__</name>
         <value>0x0</value>
      </symbol>
      <symbol id="sm-81d">
         <name>__mpu_init</name>
         <value>0x0</value>
      </symbol>
      <symbol id="sm-81e">
         <name>_system_post_cinit</name>
         <value>0x0</value>
      </symbol>
   </symbol_table>
   <title>Link successful</title>
</link_info>
