******************************************************************************
                  TI ARM Linker PC v20.2.1                     
******************************************************************************
>> Linked Tue Mar 23 13:26:29 2021

OUTPUT FILE NAME:   <Lab7.out>
ENTRY POINT SYMBOL: "_c_int00_noargs"  address: 000033ad


MEMORY CONFIGURATION

         name            origin    length      used     unused   attr    fill
----------------------  --------  ---------  --------  --------  ----  --------
  FLASH                 00000000   00040000  000036e8  0003c918  R  X
  SRAM                  20000000   00008000  000012c9  00006d37  RW X


SEGMENT ALLOCATION MAP

run origin  load origin   length   init length attrs members
----------  ----------- ---------- ----------- ----- -------
00000000    00000000    000036f0   000036f0    r-x
  00000000    00000000    0000026c   0000026c    r-- .intvecs
  0000026c    0000026c    00003300   00003300    r-x .text
  00003570    00003570    0000013c   0000013c    r-- .const
  000036b0    000036b0    00000040   00000040    r-- .cinit
20000000    20000000    000012cd   00000000    rw-
  20000000    20000000    0000026c   00000000    rw- .vtable
  20000270    20000270    00001000   00000000    rw- .stack
  20001270    20001270    00000058   00000000    rw- .bss
  200012c8    200012c8    00000005   00000000    rw- .data


SECTION ALLOCATION MAP

 output                                  attributes/
section   page    origin      length       input sections
--------  ----  ----------  ----------   ----------------
.intvecs   0    00000000    0000026c     
                  00000000    0000026c     tm4c123gh6pm_startup_ccs.obj (.intvecs)

.text      0    0000026c    00003300     
                  0000026c    00000a4e     rtsv7M4_T_le_v4SPD16_eabi.lib : _printfi.c.obj (.text:__TI_printfi)
                  00000cba    00000002                                   : div0.asm.obj (.text)
                  00000cbc    000009c0                                   : e_pow.c.obj (.text:pow)
                  0000167c    00000328     lcd.obj (.text)
                  000019a4    00000270     rtsv7M4_T_le_v4SPD16_eabi.lib : _printfi.c.obj (.text:_pconv_a)
                  00001c14    00000248     Timer.obj (.text)
                  00001e5c    000001d0     rtsv7M4_T_le_v4SPD16_eabi.lib : _printfi.c.obj (.text:_pconv_g)
                  0000202c    000001b6                                   : fd_add_t2.asm.obj (.text)
                  000021e2    00000002     --HOLE-- [fill = 0]
                  000021e4    00000164     uart.obj (.text)
                  00002348    00000158     rtsv7M4_T_le_v4SPD16_eabi.lib : e_sqrt.c.obj (.text:sqrt)
                  000024a0    00000144     adc.obj (.text)
                  000025e4    0000013c     rtsv7M4_T_le_v4SPD16_eabi.lib : _printfi.c.obj (.text:_pconv_e)
                  00002720    00000136                                   : fd_div_t2.asm.obj (.text)
                  00002856    00000002     --HOLE-- [fill = 0]
                  00002858    00000124                                   : _printfi.c.obj (.text:fcvt)
                  0000297c    00000110                                   : s_scalbn.c.obj (.text:scalbn)
                  00002a8c    000000fc                                   : fd_mul_t2.asm.obj (.text)
                  00002b88    000000b8     main.obj (.text)
                  00002c40    000000b1     rtsv7M4_T_le_v4SPD16_eabi.lib : _printfi.c.obj (.text:_ltostr)
                  00002cf1    00000001     --HOLE-- [fill = 0]
                  00002cf2    0000009c                                   : memcpy_t2.asm.obj (.text)
                  00002d8e    00000096                                   : ull_div_t2.asm.obj (.text)
                  00002e24    00000086                                   : fd_cmp_t2.asm.obj (.text:__aeabi_cdcmple)
                  00002eaa    00000086                                   : fd_cmp_t2.asm.obj (.text:__aeabi_cdrcmple)
                  00002f30    0000007a                                   : memset_t2.asm.obj (.text)
                  00002faa    0000006e                                   : _printfi.c.obj (.text:_mcpy)
                  00003018    00000068                                   : copy_decompress_lzss.c.obj (.text:decompress:lzss:__TI_decompress_lzss)
                  00003080    00000064                                   : s_frexp.c.obj (.text:frexp)
                  000030e4    00000056                                   : _printfi.c.obj (.text:_pconv_f)
                  0000313a    00000054                                   : _ltoa.c.obj (.text:__TI_ltoa)
                  0000318e    00000052                                   : _printfi.c.obj (.text:_ecpy)
                  000031e0    0000004c                                   : atoi.c.obj (.text:atoi)
                  0000322c    00000048                                   : fd_toi_t2.asm.obj (.text)
                  00003274    00000044                                   : autoinit.c.obj (.text:__TI_auto_init_nobinit_nopinit:__TI_auto_init_nobinit_nopinit)
                  000032b8    00000040                                   : sprintf.c.obj (.text:sprintf)
                  000032f8    00000040                                   : vsnprintf.c.obj (.text:vsnprintf)
                  00003338    0000003e                                   : _printfi.c.obj (.text:_fcpy)
                  00003376    00000002     --HOLE-- [fill = 0]
                  00003378    00000034     driverlib.lib : interrupt.obj (.text:IntRegister)
                  000033ac    00000034     rtsv7M4_T_le_v4SPD16_eabi.lib : boot_cortex_m.c.obj (.text:_c_int00_noargs:_c_int00_noargs)
                  000033e0    00000030                                   : vsnprintf.c.obj (.text:_outs)
                  00003410    0000002e                                   : i_tofd_t2.asm.obj (.text)
                  0000343e    0000001c                                   : copy_zero_init.c.obj (.text:decompress:ZI:__TI_zero_init_nomemset:__TI_zero_init_nomemset)
                  0000345a    0000001c                                   : memccpy.c.obj (.text:memccpy)
                  00003476    0000001a                                   : s_copysign.c.obj (.text:copysign)
                  00003490    00000018                                   : vsnprintf.c.obj (.text:_outc)
                  000034a8    00000018                                   : sprintf.c.obj (.text:_outs)
                  000034c0    00000018                                   : strcmp.c.obj (.text:strcmp)
                  000034d8    00000016                                   : strchr.c.obj (.text:strchr)
                  000034ee    00000014                                   : strcpy.c.obj (.text:strcpy)
                  00003502    00000014                                   : strlen.c.obj (.text:strlen)
                  00003516    00000012                                   : wcslen.c.obj (.text:wcslen)
                  00003528    00000010     lcd.obj (.text:lcd_clear)
                  00003538    0000000e     rtsv7M4_T_le_v4SPD16_eabi.lib : copy_decompress_none.c.obj (.text:decompress:none:__TI_decompress_none)
                  00003546    0000000c     tm4c123gh6pm_startup_ccs.obj (.text)
                  00003552    0000000a     rtsv7M4_T_le_v4SPD16_eabi.lib : sprintf.c.obj (.text:_outc)
                  0000355c    00000008                                   : errno.c.obj (.text:__aeabi_errno_addr)
                  00003564    00000004                                   : pre_init.c.obj (.text:_system_pre_init)
                  00003568    00000004                                   : exit.c.obj (.text:abort:abort)

.const     0    00003570    0000013c     
                  00003570    00000101     rtsv7M4_T_le_v4SPD16_eabi.lib : ctype.c.obj (.const:.string:_ctypes_)
                  00003671    00000004     lcd.obj (.const:.string:lineAddress$1)
                  00003675    00000003     --HOLE-- [fill = 0]
                  00003678    00000030     rtsv7M4_T_le_v4SPD16_eabi.lib : e_pow.c.obj (.const:$O1$$)
                  000036a8    00000004     lcd.obj (.const:.string:lineAddresses$2)

.cinit     0    000036b0    00000040     
                  000036b0    0000000c     (__TI_handler_table)
                  000036bc    00000004     --HOLE-- [fill = 0]
                  000036c0    00000008     (.cinit..bss.load) [load image, compression = zero_init]
                  000036c8    00000008     (.cinit..vtable.load) [load image, compression = zero_init]
                  000036d0    00000007     (.cinit..data.load) [load image, compression = lzss]
                  000036d7    00000001     --HOLE-- [fill = 0]
                  000036d8    00000018     (__TI_cinit_table)

.init_array 
*          0    00000000    00000000     UNINITIALIZED

.vtable    0    20000000    0000026c     UNINITIALIZED
                  20000000    0000026c     driverlib.lib : interrupt.obj (.vtable)

.bss       0    20001270    00000058     UNINITIALIZED
                  20001270    00000054     lcd.obj (.bss:lastbuffer$3)
                  200012c4    00000004     (.common:_timeout_ticks)

.data      0    200012c8    00000005     UNINITIALIZED
                  200012c8    00000004     rtsv7M4_T_le_v4SPD16_eabi.lib : errno.c.obj (.data)
                  200012cc    00000001     Timer.obj (.data)

.stack     0    20000270    00001000     UNINITIALIZED
                  20000270    00000004     rtsv7M4_T_le_v4SPD16_eabi.lib : boot_cortex_m.c.obj (.stack)
                  20000274    00000ffc     --HOLE--

__llvm_prf_cnts 
*          0    20000000    00000000     UNINITIALIZED

MODULE SUMMARY

       Module                         code    ro data   rw data
       ------                         ----    -------   -------
    .\
       lcd.obj                        824     8         84     
       tm4c123gh6pm_startup_ccs.obj   12      620       0      
       Timer.obj                      584     0         5      
       uart.obj                       356     0         0      
       adc.obj                        324     0         0      
       main.obj                       184     0         0      
    +--+------------------------------+-------+---------+---------+
       Total:                         2284    628       89     
                                                               
    C:/ti/TivaWare_C_Series-2.1.4.178/driverlib/ccs/Debug/driverlib.lib
       interrupt.obj                  52      0         620    
    +--+------------------------------+-------+---------+---------+
       Total:                         52      0         620    
                                                               
    C:\ti\ccs1010\ccs\tools\compiler\ti-cgt-arm_20.2.1.LTS\lib\rtsv7M4_T_le_v4SPD16_eabi.lib
       _printfi.c.obj                 4851    0         0      
       e_pow.c.obj                    2496    48        0      
       fd_add_t2.asm.obj              438     0         0      
       e_sqrt.c.obj                   344     0         0      
       fd_div_t2.asm.obj              310     0         0      
       s_scalbn.c.obj                 272     0         0      
       fd_cmp_t2.asm.obj              268     0         0      
       ctype.c.obj                    0       257       0      
       fd_mul_t2.asm.obj              252     0         0      
       memcpy_t2.asm.obj              156     0         0      
       ull_div_t2.asm.obj             150     0         0      
       vsnprintf.c.obj                136     0         0      
       memset_t2.asm.obj              122     0         0      
       copy_decompress_lzss.c.obj     104     0         0      
       s_frexp.c.obj                  100     0         0      
       sprintf.c.obj                  98      0         0      
       _ltoa.c.obj                    84      0         0      
       atoi.c.obj                     76      0         0      
       fd_toi_t2.asm.obj              72      0         0      
       autoinit.c.obj                 68      0         0      
       boot_cortex_m.c.obj            52      0         0      
       i_tofd_t2.asm.obj              46      0         0      
       copy_zero_init.c.obj           28      0         0      
       memccpy.c.obj                  28      0         0      
       s_copysign.c.obj               26      0         0      
       strcmp.c.obj                   24      0         0      
       strchr.c.obj                   22      0         0      
       strcpy.c.obj                   20      0         0      
       strlen.c.obj                   20      0         0      
       wcslen.c.obj                   18      0         0      
       copy_decompress_none.c.obj     14      0         0      
       errno.c.obj                    8       0         4      
       exit.c.obj                     4       0         0      
       pre_init.c.obj                 4       0         0      
       div0.asm.obj                   2       0         0      
    +--+------------------------------+-------+---------+---------+
       Total:                         10713   305       4      
                                                               
       Stack:                         0       0         4096   
       Linker Generated:              0       59        0      
    +--+------------------------------+-------+---------+---------+
       Grand Total:                   13049   992       4809   


LINKER GENERATED COPY TABLES

__TI_cinit_table @ 000036d8 records: 3, size/record: 8, table size: 24
	.bss: load addr=000036c0, load size=00000008 bytes, run addr=20001270, run size=00000058 bytes, compression=zero_init
	.vtable: load addr=000036c8, load size=00000008 bytes, run addr=20000000, run size=0000026c bytes, compression=zero_init
	.data: load addr=000036d0, load size=00000007 bytes, run addr=200012c8, run size=00000005 bytes, compression=lzss


LINKER GENERATED HANDLER TABLE

__TI_handler_table @ 000036b0 records: 3, size/record: 4, table size: 12
	index: 0, handler: __TI_zero_init
	index: 1, handler: __TI_decompress_lzss
	index: 2, handler: __TI_decompress_none


GLOBAL SYMBOLS: SORTED ALPHABETICALLY BY Name 

address   name                          
-------   ----                          
00003569  C$$EXIT                       
00003379  IntRegister                   
00003547  ResetISR                      
20001270  __STACK_END                   
00001000  __STACK_SIZE                  
20000470  __STACK_TOP                   
000036d8  __TI_CINIT_Base               
000036f0  __TI_CINIT_Limit              
000036b0  __TI_Handler_Table_Base       
000036bc  __TI_Handler_Table_Limit      
00003275  __TI_auto_init_nobinit_nopinit
00003019  __TI_decompress_lzss          
00003539  __TI_decompress_none          
0000313b  __TI_ltoa                     
ffffffff  __TI_pprof_out_hndl           
0000026d  __TI_printfi                  
ffffffff  __TI_prof_data_size           
ffffffff  __TI_prof_data_start          
00000000  __TI_static_base__            
0000343f  __TI_zero_init_nomemset       
00002e25  __aeabi_cdcmpeq               
00002e25  __aeabi_cdcmple               
00002eab  __aeabi_cdrcmple              
0000322d  __aeabi_d2iz                  
00002037  __aeabi_dadd                  
00002721  __aeabi_ddiv                  
00002a8d  __aeabi_dmul                  
0000202d  __aeabi_dsub                  
0000355d  __aeabi_errno_addr            
00003411  __aeabi_i2d                   
00000cbb  __aeabi_idiv0                 
00000cbb  __aeabi_ldiv0                 
00002f31  __aeabi_memclr                
00002f31  __aeabi_memclr4               
00002f31  __aeabi_memclr8               
00002cf3  __aeabi_memcpy                
00002cf3  __aeabi_memcpy4               
00002cf3  __aeabi_memcpy8               
00002f33  __aeabi_memset                
00002f33  __aeabi_memset4               
00002f33  __aeabi_memset8               
00002d8f  __aeabi_uldivmod              
ffffffff  __binit__                     
ffffffff  __c_args__                    
UNDEFED   __mpu_init                    
20000270  __stack                       
20000000  __start___llvm_prf_cnts       
20000000  __stop___llvm_prf_cnts        
000033ad  _c_int00_noargs               
00003570  _ctypes_                      
200012cc  _running                      
UNDEFED   _system_post_cinit            
00003565  _system_pre_init              
200012c4  _timeout_ticks                
00003569  abort                         
000024a1  adc_init                      
0000254b  adc_read                      
000031e1  atoi                          
ffffffff  binit                         
00003477  copysign                      
00003477  copysignl                     
200012c8  errno                         
00003081  frexp                         
00003081  frexpl                        
20000000  g_pfnRAMVectors               
00000000  g_pfnVectors                  
00003529  lcd_clear                     
00001851  lcd_gotoLine                  
000016b9  lcd_init                      
000018b7  lcd_printf                    
00001779  lcd_putc                      
000017b1  lcd_puts                      
0000167d  lcd_reverseNibble             
000017cf  lcd_sendCommand               
0000180d  lcd_sendNibble                
00001879  lcd_setCursorPos              
0000297d  ldexp                         
0000297d  ldexpl                        
00002b89  main                          
0000345b  memccpy                       
00002cf3  memcpy                        
00002f39  memset                        
00000cbd  pow                           
00000cbd  powl                          
0000297d  scalbn                        
0000297d  scalbnl                       
000032b9  sprintf                       
00002349  sqrt                          
00002349  sqrtl                         
000034d9  strchr                        
000034c1  strcmp                        
000034ef  strcpy                        
00003503  strlen                        
00001d33  timer_getMicros               
00001cdb  timer_getMillis               
00001c15  timer_init                    
00001cb7  timer_pause                   
00001cc9  timer_resume                  
00001c8d  timer_stop                    
00001d8d  timer_waitMicros              
00001dbf  timer_waitMillis              
000021e5  uart_init                     
000022a7  uart_receive                  
000022eb  uart_receive_nonblocking      
0000228b  uart_sendChar                 
000022cd  uart_sendStr                  
000032f9  vsnprintf                     
00003517  wcslen                        


GLOBAL SYMBOLS: SORTED BY Symbol Address 

address   name                          
-------   ----                          
00000000  __TI_static_base__            
00000000  g_pfnVectors                  
0000026d  __TI_printfi                  
00000cbb  __aeabi_idiv0                 
00000cbb  __aeabi_ldiv0                 
00000cbd  pow                           
00000cbd  powl                          
00001000  __STACK_SIZE                  
0000167d  lcd_reverseNibble             
000016b9  lcd_init                      
00001779  lcd_putc                      
000017b1  lcd_puts                      
000017cf  lcd_sendCommand               
0000180d  lcd_sendNibble                
00001851  lcd_gotoLine                  
00001879  lcd_setCursorPos              
000018b7  lcd_printf                    
00001c15  timer_init                    
00001c8d  timer_stop                    
00001cb7  timer_pause                   
00001cc9  timer_resume                  
00001cdb  timer_getMillis               
00001d33  timer_getMicros               
00001d8d  timer_waitMicros              
00001dbf  timer_waitMillis              
0000202d  __aeabi_dsub                  
00002037  __aeabi_dadd                  
000021e5  uart_init                     
0000228b  uart_sendChar                 
000022a7  uart_receive                  
000022cd  uart_sendStr                  
000022eb  uart_receive_nonblocking      
00002349  sqrt                          
00002349  sqrtl                         
000024a1  adc_init                      
0000254b  adc_read                      
00002721  __aeabi_ddiv                  
0000297d  ldexp                         
0000297d  ldexpl                        
0000297d  scalbn                        
0000297d  scalbnl                       
00002a8d  __aeabi_dmul                  
00002b89  main                          
00002cf3  __aeabi_memcpy                
00002cf3  __aeabi_memcpy4               
00002cf3  __aeabi_memcpy8               
00002cf3  memcpy                        
00002d8f  __aeabi_uldivmod              
00002e25  __aeabi_cdcmpeq               
00002e25  __aeabi_cdcmple               
00002eab  __aeabi_cdrcmple              
00002f31  __aeabi_memclr                
00002f31  __aeabi_memclr4               
00002f31  __aeabi_memclr8               
00002f33  __aeabi_memset                
00002f33  __aeabi_memset4               
00002f33  __aeabi_memset8               
00002f39  memset                        
00003019  __TI_decompress_lzss          
00003081  frexp                         
00003081  frexpl                        
0000313b  __TI_ltoa                     
000031e1  atoi                          
0000322d  __aeabi_d2iz                  
00003275  __TI_auto_init_nobinit_nopinit
000032b9  sprintf                       
000032f9  vsnprintf                     
00003379  IntRegister                   
000033ad  _c_int00_noargs               
00003411  __aeabi_i2d                   
0000343f  __TI_zero_init_nomemset       
0000345b  memccpy                       
00003477  copysign                      
00003477  copysignl                     
000034c1  strcmp                        
000034d9  strchr                        
000034ef  strcpy                        
00003503  strlen                        
00003517  wcslen                        
00003529  lcd_clear                     
00003539  __TI_decompress_none          
00003547  ResetISR                      
0000355d  __aeabi_errno_addr            
00003565  _system_pre_init              
00003569  C$$EXIT                       
00003569  abort                         
00003570  _ctypes_                      
000036b0  __TI_Handler_Table_Base       
000036bc  __TI_Handler_Table_Limit      
000036d8  __TI_CINIT_Base               
000036f0  __TI_CINIT_Limit              
20000000  __start___llvm_prf_cnts       
20000000  __stop___llvm_prf_cnts        
20000000  g_pfnRAMVectors               
20000270  __stack                       
20000470  __STACK_TOP                   
20001270  __STACK_END                   
200012c4  _timeout_ticks                
200012c8  errno                         
200012cc  _running                      
ffffffff  __TI_pprof_out_hndl           
ffffffff  __TI_prof_data_size           
ffffffff  __TI_prof_data_start          
ffffffff  __binit__                     
ffffffff  __c_args__                    
ffffffff  binit                         
UNDEFED   __mpu_init                    
UNDEFED   _system_post_cinit            

[108 symbols]
