******************************************************************************
                  TI ARM Linker PC v20.2.1                     
******************************************************************************
>> Linked Tue Feb 16 18:53:21 2021

OUTPUT FILE NAME:   <Lab2.out>
ENTRY POINT SYMBOL: "_c_int00_noargs"  address: 00000691


MEMORY CONFIGURATION

         name            origin    length      used     unused   attr    fill
----------------------  --------  ---------  --------  --------  ----  --------
  FLASH                 00000000   00040000  0000074c  0003f8b4  R  X
  SRAM                  20000000   00008000  00002271  00005d8f  RW X


SEGMENT ALLOCATION MAP

run origin  load origin   length   init length attrs members
----------  ----------- ---------- ----------- ----- -------
00000000    00000000    00000750   00000750    r-x
  00000000    00000000    0000026c   0000026c    r-- .intvecs
  0000026c    0000026c    000004a0   000004a0    r-x .text
  00000710    00000710    00000040   00000040    r-- .cinit
20000000    20000000    00002271   00000000    rw-
  20000000    20000000    0000026c   00000000    rw- .vtable
  2000026c    2000026c    00000004   00000000    rw- .bss
  20000270    20000270    00001000   00000000    rw- .stack
  20001270    20001270    00001000   00000000    rw- .sysmem
  20002270    20002270    00000001   00000000    rw- .data


SECTION ALLOCATION MAP

 output                                  attributes/
section   page    origin      length       input sections
--------  ----  ----------  ----------   ----------------
.intvecs   0    00000000    0000026c     
                  00000000    0000026c     tm4c123gh6pm_startup_ccs.obj (.intvecs)

.text      0    0000026c    000004a0     
                  0000026c    00000248     Timer.obj (.text)
                  000004b4    0000009c     rtsv7M4_T_le_v4SPD16_eabi.lib : memcpy_t2.asm.obj (.text)
                  00000550    00000068                                   : copy_decompress_lzss.c.obj (.text:decompress:lzss:__TI_decompress_lzss)
                  000005b8    00000060     resetSimulation.obj (.text)
                  00000618    00000044     rtsv7M4_T_le_v4SPD16_eabi.lib : autoinit.c.obj (.text:__TI_auto_init_nobinit_nopinit:__TI_auto_init_nobinit_nopinit)
                  0000065c    00000034     driverlib.lib : interrupt.obj (.text:IntRegister)
                  00000690    00000034     rtsv7M4_T_le_v4SPD16_eabi.lib : boot_cortex_m.c.obj (.text:_c_int00_noargs:_c_int00_noargs)
                  000006c4    0000001c                                   : copy_zero_init.c.obj (.text:decompress:ZI:__TI_zero_init_nomemset:__TI_zero_init_nomemset)
                  000006e0    0000000e                                   : copy_decompress_none.c.obj (.text:decompress:none:__TI_decompress_none)
                  000006ee    0000000c     tm4c123gh6pm_startup_ccs.obj (.text)
                  000006fa    0000000a     main.obj (.text)
                  00000704    00000004     rtsv7M4_T_le_v4SPD16_eabi.lib : pre_init.c.obj (.text:_system_pre_init)
                  00000708    00000004                                   : exit.c.obj (.text:abort:abort)

.cinit     0    00000710    00000040     
                  00000710    0000000c     (__TI_handler_table)
                  0000071c    00000004     --HOLE-- [fill = 0]
                  00000720    00000008     (.cinit..bss.load) [load image, compression = zero_init]
                  00000728    00000008     (.cinit..vtable.load) [load image, compression = zero_init]
                  00000730    00000005     (.cinit..data.load) [load image, compression = lzss]
                  00000735    00000003     --HOLE-- [fill = 0]
                  00000738    00000018     (__TI_cinit_table)

.init_array 
*          0    00000000    00000000     UNINITIALIZED

.vtable    0    20000000    0000026c     UNINITIALIZED
                  20000000    0000026c     driverlib.lib : interrupt.obj (.vtable)

.bss       0    2000026c    00000004     UNINITIALIZED
                  2000026c    00000004     (.common:_timeout_ticks)

.stack     0    20000270    00001000     UNINITIALIZED
                  20000270    00000004     rtsv7M4_T_le_v4SPD16_eabi.lib : boot_cortex_m.c.obj (.stack)
                  20000274    00000ffc     --HOLE--

.sysmem    0    20001270    00001000     UNINITIALIZED
                  20001270    00000010     rtsv7M4_T_le_v4SPD16_eabi.lib : memory.c.obj (.sysmem)
                  20001280    00000ff0     --HOLE--

.data      0    20002270    00000001     UNINITIALIZED
                  20002270    00000001     Timer.obj (.data)

__llvm_prf_cnts 
*          0    20000000    00000000     UNINITIALIZED

MODULE SUMMARY

       Module                         code   ro data   rw data
       ------                         ----   -------   -------
    .\
       tm4c123gh6pm_startup_ccs.obj   12     620       0      
       Timer.obj                      584    0         5      
       resetSimulation.obj            96     0         0      
       main.obj                       10     0         0      
    +--+------------------------------+------+---------+---------+
       Total:                         702    620       5      
                                                              
    C:/ti/TivaWare_C_Series-2.1.4.178/driverlib/ccs/Debug/driverlib.lib
       interrupt.obj                  52     0         620    
    +--+------------------------------+------+---------+---------+
       Total:                         52     0         620    
                                                              
    C:\ti\ccs1010\ccs\tools\compiler\ti-cgt-arm_20.2.1.LTS\lib\rtsv7M4_T_le_v4SPD16_eabi.lib
       memcpy_t2.asm.obj              156    0         0      
       copy_decompress_lzss.c.obj     104    0         0      
       autoinit.c.obj                 68     0         0      
       boot_cortex_m.c.obj            52     0         0      
       copy_zero_init.c.obj           28     0         0      
       copy_decompress_none.c.obj     14     0         0      
       exit.c.obj                     4      0         0      
       pre_init.c.obj                 4      0         0      
    +--+------------------------------+------+---------+---------+
       Total:                         430    0         0      
                                                              
       Heap:                          0      0         4096   
       Stack:                         0      0         4096   
       Linker Generated:              0      57        0      
    +--+------------------------------+------+---------+---------+
       Grand Total:                   1184   677       8817   


LINKER GENERATED COPY TABLES

__TI_cinit_table @ 00000738 records: 3, size/record: 8, table size: 24
	.bss: load addr=00000720, load size=00000008 bytes, run addr=2000026c, run size=00000004 bytes, compression=zero_init
	.vtable: load addr=00000728, load size=00000008 bytes, run addr=20000000, run size=0000026c bytes, compression=zero_init
	.data: load addr=00000730, load size=00000005 bytes, run addr=20002270, run size=00000001 bytes, compression=lzss


LINKER GENERATED HANDLER TABLE

__TI_handler_table @ 00000710 records: 3, size/record: 4, table size: 12
	index: 0, handler: __TI_zero_init
	index: 1, handler: __TI_decompress_lzss
	index: 2, handler: __TI_decompress_none


GLOBAL SYMBOLS: SORTED ALPHABETICALLY BY Name 

address   name                          
-------   ----                          
00000709  C$$EXIT                       
0000065d  IntRegister                   
000006ef  ResetISR                      
20001270  __STACK_END                   
00001000  __STACK_SIZE                  
20000470  __STACK_TOP                   
00001000  __SYSMEM_SIZE                 
00000738  __TI_CINIT_Base               
00000750  __TI_CINIT_Limit              
00000710  __TI_Handler_Table_Base       
0000071c  __TI_Handler_Table_Limit      
00000619  __TI_auto_init_nobinit_nopinit
00000551  __TI_decompress_lzss          
000006e1  __TI_decompress_none          
ffffffff  __TI_pprof_out_hndl           
ffffffff  __TI_prof_data_size           
ffffffff  __TI_prof_data_start          
00000000  __TI_static_base__            
000006c5  __TI_zero_init_nomemset       
000004b5  __aeabi_memcpy                
000004b5  __aeabi_memcpy4               
000004b5  __aeabi_memcpy8               
ffffffff  __binit__                     
ffffffff  __c_args__                    
UNDEFED   __mpu_init                    
20000270  __stack                       
20000000  __start___llvm_prf_cnts       
20000000  __stop___llvm_prf_cnts        
00000691  _c_int00_noargs               
20002270  _running                      
20001270  _sys_memory                   
UNDEFED   _system_post_cinit            
00000705  _system_pre_init              
2000026c  _timeout_ticks                
00000709  abort                         
ffffffff  binit                         
20000000  g_pfnRAMVectors               
00000000  g_pfnVectors                  
000006fb  main                          
000004b5  memcpy                        
000005b9  resetSimulationBoard          
0000038b  timer_getMicros               
00000333  timer_getMillis               
0000026d  timer_init                    
0000030f  timer_pause                   
00000321  timer_resume                  
000002e5  timer_stop                    
000003e5  timer_waitMicros              
00000417  timer_waitMillis              


GLOBAL SYMBOLS: SORTED BY Symbol Address 

address   name                          
-------   ----                          
00000000  __TI_static_base__            
00000000  g_pfnVectors                  
0000026d  timer_init                    
000002e5  timer_stop                    
0000030f  timer_pause                   
00000321  timer_resume                  
00000333  timer_getMillis               
0000038b  timer_getMicros               
000003e5  timer_waitMicros              
00000417  timer_waitMillis              
000004b5  __aeabi_memcpy                
000004b5  __aeabi_memcpy4               
000004b5  __aeabi_memcpy8               
000004b5  memcpy                        
00000551  __TI_decompress_lzss          
000005b9  resetSimulationBoard          
00000619  __TI_auto_init_nobinit_nopinit
0000065d  IntRegister                   
00000691  _c_int00_noargs               
000006c5  __TI_zero_init_nomemset       
000006e1  __TI_decompress_none          
000006ef  ResetISR                      
000006fb  main                          
00000705  _system_pre_init              
00000709  C$$EXIT                       
00000709  abort                         
00000710  __TI_Handler_Table_Base       
0000071c  __TI_Handler_Table_Limit      
00000738  __TI_CINIT_Base               
00000750  __TI_CINIT_Limit              
00001000  __STACK_SIZE                  
00001000  __SYSMEM_SIZE                 
20000000  __start___llvm_prf_cnts       
20000000  __stop___llvm_prf_cnts        
20000000  g_pfnRAMVectors               
2000026c  _timeout_ticks                
20000270  __stack                       
20000470  __STACK_TOP                   
20001270  __STACK_END                   
20001270  _sys_memory                   
20002270  _running                      
ffffffff  __TI_pprof_out_hndl           
ffffffff  __TI_prof_data_size           
ffffffff  __TI_prof_data_start          
ffffffff  __binit__                     
ffffffff  __c_args__                    
ffffffff  binit                         
UNDEFED   __mpu_init                    
UNDEFED   _system_post_cinit            

[49 symbols]
